Archive member included because of file (symbol)

/home/marco/ARMToolchain/gcc-arm-none-eabi-4_9-2015q2/bin/../lib/gcc/arm-none-eabi/4.9.3/../../../../arm-none-eabi/lib/armv6-m/libc_nano.a(lib_a-exit.o)
                              /home/marco/ARMToolchain/gcc-arm-none-eabi-4_9-2015q2/bin/../lib/gcc/arm-none-eabi/4.9.3/../../../../arm-none-eabi/lib/armv6-m/crt0.o (exit)
/home/marco/ARMToolchain/gcc-arm-none-eabi-4_9-2015q2/bin/../lib/gcc/arm-none-eabi/4.9.3/../../../../arm-none-eabi/lib/armv6-m/libc_nano.a(lib_a-impure.o)
                              /home/marco/ARMToolchain/gcc-arm-none-eabi-4_9-2015q2/bin/../lib/gcc/arm-none-eabi/4.9.3/../../../../arm-none-eabi/lib/armv6-m/libc_nano.a(lib_a-exit.o) (_global_impure_ptr)
/home/marco/ARMToolchain/gcc-arm-none-eabi-4_9-2015q2/bin/../lib/gcc/arm-none-eabi/4.9.3/../../../../arm-none-eabi/lib/armv6-m/libc_nano.a(lib_a-init.o)
                              /home/marco/ARMToolchain/gcc-arm-none-eabi-4_9-2015q2/bin/../lib/gcc/arm-none-eabi/4.9.3/../../../../arm-none-eabi/lib/armv6-m/crt0.o (__libc_init_array)
/home/marco/ARMToolchain/gcc-arm-none-eabi-4_9-2015q2/bin/../lib/gcc/arm-none-eabi/4.9.3/../../../../arm-none-eabi/lib/armv6-m/libc_nano.a(lib_a-memset.o)
                              /home/marco/ARMToolchain/gcc-arm-none-eabi-4_9-2015q2/bin/../lib/gcc/arm-none-eabi/4.9.3/../../../../arm-none-eabi/lib/armv6-m/crt0.o (memset)
/home/marco/ARMToolchain/gcc-arm-none-eabi-4_9-2015q2/bin/../lib/gcc/arm-none-eabi/4.9.3/../../../../arm-none-eabi/lib/armv6-m/libnosys.a(_exit.o)
                              /home/marco/ARMToolchain/gcc-arm-none-eabi-4_9-2015q2/bin/../lib/gcc/arm-none-eabi/4.9.3/../../../../arm-none-eabi/lib/armv6-m/libc_nano.a(lib_a-exit.o) (_exit)
/home/marco/ARMToolchain/gcc-arm-none-eabi-4_9-2015q2/bin/../lib/gcc/arm-none-eabi/4.9.3/armv6-m/libgcc.a(_udivsi3.o)
                              _build/app_pwm.o (__aeabi_uidiv)
/home/marco/ARMToolchain/gcc-arm-none-eabi-4_9-2015q2/bin/../lib/gcc/arm-none-eabi/4.9.3/armv6-m/libgcc.a(_divsi3.o)
                              _build/led_strip.o (__aeabi_idiv)
/home/marco/ARMToolchain/gcc-arm-none-eabi-4_9-2015q2/bin/../lib/gcc/arm-none-eabi/4.9.3/armv6-m/libgcc.a(_dvmd_tls.o)
                              /home/marco/ARMToolchain/gcc-arm-none-eabi-4_9-2015q2/bin/../lib/gcc/arm-none-eabi/4.9.3/armv6-m/libgcc.a(_udivsi3.o) (__aeabi_idiv0)
/home/marco/ARMToolchain/gcc-arm-none-eabi-4_9-2015q2/bin/../lib/gcc/arm-none-eabi/4.9.3/../../../../arm-none-eabi/lib/armv6-m/libc_nano.a(lib_a-memcmp.o)
                              _build/ble_manager.o (memcmp)
/home/marco/ARMToolchain/gcc-arm-none-eabi-4_9-2015q2/bin/../lib/gcc/arm-none-eabi/4.9.3/../../../../arm-none-eabi/lib/armv6-m/libc_nano.a(lib_a-memcpy.o)
                              _build/ble_manager.o (memcpy)
/home/marco/ARMToolchain/gcc-arm-none-eabi-4_9-2015q2/bin/../lib/gcc/arm-none-eabi/4.9.3/../../../../arm-none-eabi/lib/armv6-m/libc_nano.a(lib_a-sprintf.o)
                              _build/ble_manager.o (sprintf)
/home/marco/ARMToolchain/gcc-arm-none-eabi-4_9-2015q2/bin/../lib/gcc/arm-none-eabi/4.9.3/../../../../arm-none-eabi/lib/armv6-m/libc_nano.a(lib_a-strlen.o)
                              _build/ble_manager.o (strlen)
/home/marco/ARMToolchain/gcc-arm-none-eabi-4_9-2015q2/bin/../lib/gcc/arm-none-eabi/4.9.3/../../../../arm-none-eabi/lib/armv6-m/libc_nano.a(lib_a-nano-svfprintf.o)
                              /home/marco/ARMToolchain/gcc-arm-none-eabi-4_9-2015q2/bin/../lib/gcc/arm-none-eabi/4.9.3/../../../../arm-none-eabi/lib/armv6-m/libc_nano.a(lib_a-sprintf.o) (_svfprintf_r)
/home/marco/ARMToolchain/gcc-arm-none-eabi-4_9-2015q2/bin/../lib/gcc/arm-none-eabi/4.9.3/../../../../arm-none-eabi/lib/armv6-m/libc_nano.a(lib_a-nano-vfprintf_i.o)
                              /home/marco/ARMToolchain/gcc-arm-none-eabi-4_9-2015q2/bin/../lib/gcc/arm-none-eabi/4.9.3/../../../../arm-none-eabi/lib/armv6-m/libc_nano.a(lib_a-nano-svfprintf.o) (_printf_i)
/home/marco/ARMToolchain/gcc-arm-none-eabi-4_9-2015q2/bin/../lib/gcc/arm-none-eabi/4.9.3/../../../../arm-none-eabi/lib/armv6-m/libc_nano.a(lib_a-memchr.o)
                              /home/marco/ARMToolchain/gcc-arm-none-eabi-4_9-2015q2/bin/../lib/gcc/arm-none-eabi/4.9.3/../../../../arm-none-eabi/lib/armv6-m/libc_nano.a(lib_a-nano-svfprintf.o) (memchr)
/home/marco/ARMToolchain/gcc-arm-none-eabi-4_9-2015q2/bin/../lib/gcc/arm-none-eabi/4.9.3/../../../../arm-none-eabi/lib/armv6-m/libc_nano.a(lib_a-memmove.o)
                              /home/marco/ARMToolchain/gcc-arm-none-eabi-4_9-2015q2/bin/../lib/gcc/arm-none-eabi/4.9.3/../../../../arm-none-eabi/lib/armv6-m/libc_nano.a(lib_a-nano-svfprintf.o) (memmove)
/home/marco/ARMToolchain/gcc-arm-none-eabi-4_9-2015q2/bin/../lib/gcc/arm-none-eabi/4.9.3/../../../../arm-none-eabi/lib/armv6-m/libc_nano.a(lib_a-nano-freer.o)
                              /home/marco/ARMToolchain/gcc-arm-none-eabi-4_9-2015q2/bin/../lib/gcc/arm-none-eabi/4.9.3/../../../../arm-none-eabi/lib/armv6-m/libc_nano.a(lib_a-nano-svfprintf.o) (_free_r)
/home/marco/ARMToolchain/gcc-arm-none-eabi-4_9-2015q2/bin/../lib/gcc/arm-none-eabi/4.9.3/../../../../arm-none-eabi/lib/armv6-m/libc_nano.a(lib_a-nano-mallocr.o)
                              /home/marco/ARMToolchain/gcc-arm-none-eabi-4_9-2015q2/bin/../lib/gcc/arm-none-eabi/4.9.3/../../../../arm-none-eabi/lib/armv6-m/libc_nano.a(lib_a-nano-svfprintf.o) (_malloc_r)
/home/marco/ARMToolchain/gcc-arm-none-eabi-4_9-2015q2/bin/../lib/gcc/arm-none-eabi/4.9.3/../../../../arm-none-eabi/lib/armv6-m/libc_nano.a(lib_a-nano-reallocr.o)
                              /home/marco/ARMToolchain/gcc-arm-none-eabi-4_9-2015q2/bin/../lib/gcc/arm-none-eabi/4.9.3/../../../../arm-none-eabi/lib/armv6-m/libc_nano.a(lib_a-nano-svfprintf.o) (_realloc_r)
/home/marco/ARMToolchain/gcc-arm-none-eabi-4_9-2015q2/bin/../lib/gcc/arm-none-eabi/4.9.3/../../../../arm-none-eabi/lib/armv6-m/libc_nano.a(lib_a-sbrkr.o)
                              /home/marco/ARMToolchain/gcc-arm-none-eabi-4_9-2015q2/bin/../lib/gcc/arm-none-eabi/4.9.3/../../../../arm-none-eabi/lib/armv6-m/libc_nano.a(lib_a-nano-mallocr.o) (_sbrk_r)
/home/marco/ARMToolchain/gcc-arm-none-eabi-4_9-2015q2/bin/../lib/gcc/arm-none-eabi/4.9.3/../../../../arm-none-eabi/lib/armv6-m/libc_nano.a(lib_a-nano-msizer.o)
                              /home/marco/ARMToolchain/gcc-arm-none-eabi-4_9-2015q2/bin/../lib/gcc/arm-none-eabi/4.9.3/../../../../arm-none-eabi/lib/armv6-m/libc_nano.a(lib_a-nano-reallocr.o) (_malloc_usable_size_r)
/home/marco/ARMToolchain/gcc-arm-none-eabi-4_9-2015q2/bin/../lib/gcc/arm-none-eabi/4.9.3/../../../../arm-none-eabi/lib/armv6-m/libc_nano.a(lib_a-reent.o)
                              /home/marco/ARMToolchain/gcc-arm-none-eabi-4_9-2015q2/bin/../lib/gcc/arm-none-eabi/4.9.3/../../../../arm-none-eabi/lib/armv6-m/libc_nano.a(lib_a-sbrkr.o) (errno)
/home/marco/ARMToolchain/gcc-arm-none-eabi-4_9-2015q2/bin/../lib/gcc/arm-none-eabi/4.9.3/../../../../arm-none-eabi/lib/armv6-m/libnosys.a(sbrk.o)
                              /home/marco/ARMToolchain/gcc-arm-none-eabi-4_9-2015q2/bin/../lib/gcc/arm-none-eabi/4.9.3/../../../../arm-none-eabi/lib/armv6-m/libc_nano.a(lib_a-sbrkr.o) (_sbrk)

Allocating common symbols
Common symbol       size              file

nrf_nvic_state      0x8               _build/softdevice_handler.o
errno               0x4               /home/marco/ARMToolchain/gcc-arm-none-eabi-4_9-2015q2/bin/../lib/gcc/arm-none-eabi/4.9.3/../../../../arm-none-eabi/lib/armv6-m/libc_nano.a(lib_a-reent.o)
__stdin             0x68              _build/retarget.o
m_pwm_ready_counter
                    0x6               _build/app_pwm.o
m_pwm_PWM1_cb       0x24              _build/led_strip.o
char_values         0x9               _build/dimmer_service.o
__stdout            0x68              _build/retarget.o
m_pwm_PWM2_cb       0x24              _build/led_strip.o

Discarded input sections

 .text          0x00000000        0x0 /home/marco/ARMToolchain/gcc-arm-none-eabi-4_9-2015q2/bin/../lib/gcc/arm-none-eabi/4.9.3/armv6-m/crti.o
 .data          0x00000000        0x0 /home/marco/ARMToolchain/gcc-arm-none-eabi-4_9-2015q2/bin/../lib/gcc/arm-none-eabi/4.9.3/armv6-m/crti.o
 .bss           0x00000000        0x0 /home/marco/ARMToolchain/gcc-arm-none-eabi-4_9-2015q2/bin/../lib/gcc/arm-none-eabi/4.9.3/armv6-m/crti.o
 .data          0x00000000        0x4 /home/marco/ARMToolchain/gcc-arm-none-eabi-4_9-2015q2/bin/../lib/gcc/arm-none-eabi/4.9.3/armv6-m/crtbegin.o
 .data          0x00000000        0x0 /home/marco/ARMToolchain/gcc-arm-none-eabi-4_9-2015q2/bin/../lib/gcc/arm-none-eabi/4.9.3/../../../../arm-none-eabi/lib/armv6-m/crt0.o
 .bss           0x00000000        0x0 /home/marco/ARMToolchain/gcc-arm-none-eabi-4_9-2015q2/bin/../lib/gcc/arm-none-eabi/4.9.3/../../../../arm-none-eabi/lib/armv6-m/crt0.o
 .ARM.extab     0x00000000        0x0 /home/marco/ARMToolchain/gcc-arm-none-eabi-4_9-2015q2/bin/../lib/gcc/arm-none-eabi/4.9.3/../../../../arm-none-eabi/lib/armv6-m/crt0.o
 .text          0x00000000        0x0 /home/marco/ARMToolchain/gcc-arm-none-eabi-4_9-2015q2/bin/../lib/gcc/arm-none-eabi/4.9.3/../../../../arm-none-eabi/lib/armv6-m/libc_nano.a(lib_a-exit.o)
 .data          0x00000000        0x0 /home/marco/ARMToolchain/gcc-arm-none-eabi-4_9-2015q2/bin/../lib/gcc/arm-none-eabi/4.9.3/../../../../arm-none-eabi/lib/armv6-m/libc_nano.a(lib_a-exit.o)
 .bss           0x00000000        0x0 /home/marco/ARMToolchain/gcc-arm-none-eabi-4_9-2015q2/bin/../lib/gcc/arm-none-eabi/4.9.3/../../../../arm-none-eabi/lib/armv6-m/libc_nano.a(lib_a-exit.o)
 .text          0x00000000        0x0 /home/marco/ARMToolchain/gcc-arm-none-eabi-4_9-2015q2/bin/../lib/gcc/arm-none-eabi/4.9.3/../../../../arm-none-eabi/lib/armv6-m/libc_nano.a(lib_a-impure.o)
 .data          0x00000000        0x0 /home/marco/ARMToolchain/gcc-arm-none-eabi-4_9-2015q2/bin/../lib/gcc/arm-none-eabi/4.9.3/../../../../arm-none-eabi/lib/armv6-m/libc_nano.a(lib_a-impure.o)
 .bss           0x00000000        0x0 /home/marco/ARMToolchain/gcc-arm-none-eabi-4_9-2015q2/bin/../lib/gcc/arm-none-eabi/4.9.3/../../../../arm-none-eabi/lib/armv6-m/libc_nano.a(lib_a-impure.o)
 .text          0x00000000        0x0 /home/marco/ARMToolchain/gcc-arm-none-eabi-4_9-2015q2/bin/../lib/gcc/arm-none-eabi/4.9.3/../../../../arm-none-eabi/lib/armv6-m/libc_nano.a(lib_a-init.o)
 .data          0x00000000        0x0 /home/marco/ARMToolchain/gcc-arm-none-eabi-4_9-2015q2/bin/../lib/gcc/arm-none-eabi/4.9.3/../../../../arm-none-eabi/lib/armv6-m/libc_nano.a(lib_a-init.o)
 .bss           0x00000000        0x0 /home/marco/ARMToolchain/gcc-arm-none-eabi-4_9-2015q2/bin/../lib/gcc/arm-none-eabi/4.9.3/../../../../arm-none-eabi/lib/armv6-m/libc_nano.a(lib_a-init.o)
 .text          0x00000000        0x0 /home/marco/ARMToolchain/gcc-arm-none-eabi-4_9-2015q2/bin/../lib/gcc/arm-none-eabi/4.9.3/../../../../arm-none-eabi/lib/armv6-m/libc_nano.a(lib_a-memset.o)
 .data          0x00000000        0x0 /home/marco/ARMToolchain/gcc-arm-none-eabi-4_9-2015q2/bin/../lib/gcc/arm-none-eabi/4.9.3/../../../../arm-none-eabi/lib/armv6-m/libc_nano.a(lib_a-memset.o)
 .bss           0x00000000        0x0 /home/marco/ARMToolchain/gcc-arm-none-eabi-4_9-2015q2/bin/../lib/gcc/arm-none-eabi/4.9.3/../../../../arm-none-eabi/lib/armv6-m/libc_nano.a(lib_a-memset.o)
 .text          0x00000000        0x0 /home/marco/ARMToolchain/gcc-arm-none-eabi-4_9-2015q2/bin/../lib/gcc/arm-none-eabi/4.9.3/../../../../arm-none-eabi/lib/armv6-m/libnosys.a(_exit.o)
 .data          0x00000000        0x0 /home/marco/ARMToolchain/gcc-arm-none-eabi-4_9-2015q2/bin/../lib/gcc/arm-none-eabi/4.9.3/../../../../arm-none-eabi/lib/armv6-m/libnosys.a(_exit.o)
 .bss           0x00000000        0x0 /home/marco/ARMToolchain/gcc-arm-none-eabi-4_9-2015q2/bin/../lib/gcc/arm-none-eabi/4.9.3/../../../../arm-none-eabi/lib/armv6-m/libnosys.a(_exit.o)
 .text          0x00000000        0x0 _build/main.o
 .data          0x00000000        0x0 _build/main.o
 .bss           0x00000000        0x0 _build/main.o
 .text.assert_nrf_callback
                0x00000000       0x14 _build/main.o
 .text          0x00000000        0x0 _build/application.o
 .data          0x00000000        0x0 _build/application.o
 .bss           0x00000000        0x0 _build/application.o
 .text          0x00000000        0x0 _build/ble_manager.o
 .data          0x00000000        0x0 _build/ble_manager.o
 .bss           0x00000000        0x0 _build/ble_manager.o
 .text.sd_ble_gap_adv_stop
                0x00000000        0x4 _build/ble_manager.o
 .text.sd_ble_gap_scan_stop
                0x00000000        0x4 _build/ble_manager.o
 .text.ble_man_scan_stop
                0x00000000        0x8 _build/ble_manager.o
 .text.ble_man_adv_stop
                0x00000000       0x10 _build/ble_manager.o
 .text          0x00000000        0x0 _build/dimmer_service.o
 .data          0x00000000        0x0 _build/dimmer_service.o
 .bss           0x00000000        0x0 _build/dimmer_service.o
 .text          0x00000000        0x0 _build/memory.o
 .data          0x00000000        0x0 _build/memory.o
 .bss           0x00000000        0x0 _build/memory.o
 .text          0x00000000        0x0 _build/led_strip.o
 .data          0x00000000        0x0 _build/led_strip.o
 .bss           0x00000000        0x0 _build/led_strip.o
 .text.led_turn_off
                0x00000000       0x6c _build/led_strip.o
 .text          0x00000000        0x0 _build/app_pwm.o
 .data          0x00000000        0x0 _build/app_pwm.o
 .bss           0x00000000        0x0 _build/app_pwm.o
 .text.app_pwm_busy_check
                0x00000000       0x44 _build/app_pwm.o
 .text.app_pwm_channel_duty_ticks_get
                0x00000000       0x10 _build/app_pwm.o
 .text.app_pwm_cycle_ticks_get
                0x00000000        0x8 _build/app_pwm.o
 .text.app_pwm_channel_duty_get
                0x00000000       0x1c _build/app_pwm.o
 .text.app_pwm_disable
                0x00000000       0xe8 _build/app_pwm.o
 .text.app_pwm_uninit
                0x00000000       0xa4 _build/app_pwm.o
 .text          0x00000000        0x0 _build/app_error.o
 .data          0x00000000        0x0 _build/app_error.o
 .bss           0x00000000        0x0 _build/app_error.o
 .text.app_error_handler
                0x00000000       0x20 _build/app_error.o
 .text.app_error_save_and_stop
                0x00000000       0x64 _build/app_error.o
 .bss.m_error_data.5657
                0x00000000       0x20 _build/app_error.o
 .text          0x00000000        0x0 _build/app_error_weak.o
 .data          0x00000000        0x0 _build/app_error_weak.o
 .bss           0x00000000        0x0 _build/app_error_weak.o
 .text          0x00000000        0x0 _build/app_fifo.o
 .data          0x00000000        0x0 _build/app_fifo.o
 .bss           0x00000000        0x0 _build/app_fifo.o
 .text.app_fifo_init
                0x00000000       0x28 _build/app_fifo.o
 .text.app_fifo_put
                0x00000000       0x28 _build/app_fifo.o
 .text.app_fifo_get
                0x00000000       0x24 _build/app_fifo.o
 .text.app_fifo_peek
                0x00000000       0x24 _build/app_fifo.o
 .text.app_fifo_flush
                0x00000000        0x8 _build/app_fifo.o
 .text.app_fifo_read
                0x00000000       0x54 _build/app_fifo.o
 .text.app_fifo_write
                0x00000000       0x58 _build/app_fifo.o
 .comment       0x00000000       0x71 _build/app_fifo.o
 .ARM.attributes
                0x00000000       0x31 _build/app_fifo.o
 .text          0x00000000        0x0 _build/app_timer.o
 .data          0x00000000        0x0 _build/app_timer.o
 .bss           0x00000000        0x0 _build/app_timer.o
 .text.app_timer_stop_all
                0x00000000       0xb8 _build/app_timer.o
 .text.app_timer_cnt_get
                0x00000000       0x14 _build/app_timer.o
 .text.app_timer_cnt_diff_compute
                0x00000000        0xc _build/app_timer.o
 .text          0x00000000        0x0 _build/app_trace.o
 .data          0x00000000        0x0 _build/app_trace.o
 .bss           0x00000000        0x0 _build/app_trace.o
 .comment       0x00000000       0x71 _build/app_trace.o
 .ARM.attributes
                0x00000000       0x31 _build/app_trace.o
 .text          0x00000000        0x0 _build/nrf_assert.o
 .data          0x00000000        0x0 _build/nrf_assert.o
 .bss           0x00000000        0x0 _build/nrf_assert.o
 .comment       0x00000000       0x71 _build/nrf_assert.o
 .ARM.attributes
                0x00000000       0x31 _build/nrf_assert.o
 .text          0x00000000        0x0 _build/app_util_platform.o
 .data          0x00000000        0x0 _build/app_util_platform.o
 .bss           0x00000000        0x0 _build/app_util_platform.o
 .text.app_util_disable_irq
                0x00000000       0x10 _build/app_util_platform.o
 .text.app_util_enable_irq
                0x00000000       0x14 _build/app_util_platform.o
 .bss.m_in_critical_region
                0x00000000        0x4 _build/app_util_platform.o
 .text          0x00000000        0x0 _build/retarget.o
 .data          0x00000000        0x0 _build/retarget.o
 .bss           0x00000000        0x0 _build/retarget.o
 .text._write   0x00000000       0x1c _build/retarget.o
 .text._read    0x00000000       0x14 _build/retarget.o
 .comment       0x00000000       0x71 _build/retarget.o
 .ARM.attributes
                0x00000000       0x31 _build/retarget.o
 COMMON         0x00000000       0xd0 _build/retarget.o
 .text          0x00000000        0x0 _build/nrf_drv_uart.o
 .data          0x00000000        0x0 _build/nrf_drv_uart.o
 .bss           0x00000000        0x0 _build/nrf_drv_uart.o
 .text.nrf_drv_uart_init
                0x00000000      0x120 _build/nrf_drv_uart.o
 .text.nrf_drv_uart_uninit
                0x00000000       0xbc _build/nrf_drv_uart.o
 .text.nrf_drv_uart_tx
                0x00000000       0xb4 _build/nrf_drv_uart.o
 .text.nrf_drv_uart_tx_in_progress
                0x00000000       0x10 _build/nrf_drv_uart.o
 .text.nrf_drv_uart_rx
                0x00000000      0x130 _build/nrf_drv_uart.o
 .text.nrf_drv_uart_rx_enable
                0x00000000       0x2c _build/nrf_drv_uart.o
 .text.nrf_drv_uart_rx_disable
                0x00000000       0x18 _build/nrf_drv_uart.o
 .text.nrf_drv_uart_errorsrc_get
                0x00000000       0x1c _build/nrf_drv_uart.o
 .text.nrf_drv_uart_tx_abort
                0x00000000       0x3c _build/nrf_drv_uart.o
 .text.nrf_drv_uart_rx_abort
                0x00000000       0x1c _build/nrf_drv_uart.o
 .rodata.m_default_config
                0x00000000       0x20 _build/nrf_drv_uart.o
 .text          0x00000000        0x0 _build/nrf_delay.o
 .data          0x00000000        0x0 _build/nrf_delay.o
 .bss           0x00000000        0x0 _build/nrf_delay.o
 .text          0x00000000        0x0 _build/nrf_drv_common.o
 .data          0x00000000        0x0 _build/nrf_drv_common.o
 .bss           0x00000000        0x0 _build/nrf_drv_common.o
 .text          0x00000000        0x0 _build/nrf_drv_gpiote.o
 .data          0x00000000        0x0 _build/nrf_drv_gpiote.o
 .bss           0x00000000        0x0 _build/nrf_drv_gpiote.o
 .text.nrf_drv_gpiote_uninit
                0x00000000       0xec _build/nrf_drv_gpiote.o
 .text.nrf_drv_gpiote_out_set
                0x00000000       0x14 _build/nrf_drv_gpiote.o
 .text.nrf_drv_gpiote_out_clear
                0x00000000       0x14 _build/nrf_drv_gpiote.o
 .text.nrf_drv_gpiote_out_toggle
                0x00000000       0x2c _build/nrf_drv_gpiote.o
 .text.nrf_drv_gpiote_out_task_disable
                0x00000000       0x28 _build/nrf_drv_gpiote.o
 .text.nrf_drv_gpiote_out_task_trigger
                0x00000000       0x20 _build/nrf_drv_gpiote.o
 .text.nrf_drv_gpiote_in_init
                0x00000000      0x17c _build/nrf_drv_gpiote.o
 .text.nrf_drv_gpiote_in_event_enable
                0x00000000       0xa8 _build/nrf_drv_gpiote.o
 .text.nrf_drv_gpiote_in_event_disable
                0x00000000       0x60 _build/nrf_drv_gpiote.o
 .text.nrf_drv_gpiote_in_uninit
                0x00000000       0xa8 _build/nrf_drv_gpiote.o
 .text.nrf_drv_gpiote_in_is_set
                0x00000000       0x14 _build/nrf_drv_gpiote.o
 .text.nrf_drv_gpiote_in_event_addr_get
                0x00000000       0x20 _build/nrf_drv_gpiote.o
 .text          0x00000000        0x0 _build/nrf_drv_timer.o
 .data          0x00000000        0x0 _build/nrf_drv_timer.o
 .bss           0x00000000        0x0 _build/nrf_drv_timer.o
 .text.nrf_drv_timer_disable
                0x00000000       0x1c _build/nrf_drv_timer.o
 .text.nrf_drv_timer_resume
                0x00000000        0x8 _build/nrf_drv_timer.o
 .text.nrf_drv_timer_pause
                0x00000000        0x8 _build/nrf_drv_timer.o
 .text.nrf_drv_timer_increment
                0x00000000        0x8 _build/nrf_drv_timer.o
 .text.nrf_drv_timer_capture
                0x00000000       0x20 _build/nrf_drv_timer.o
 .text          0x00000000        0x0 _build/nrf_soc.o
 .data          0x00000000        0x0 _build/nrf_soc.o
 .bss           0x00000000        0x0 _build/nrf_soc.o
 .text.sd_app_evt_wait
                0x00000000        0x8 _build/nrf_soc.o
 .comment       0x00000000       0x71 _build/nrf_soc.o
 .ARM.attributes
                0x00000000       0x31 _build/nrf_soc.o
 .text          0x00000000        0x0 _build/nrf_drv_ppi.o
 .data          0x00000000        0x0 _build/nrf_drv_ppi.o
 .bss           0x00000000        0x0 _build/nrf_drv_ppi.o
 .text.nrf_drv_ppi_uninit
                0x00000000       0x6c _build/nrf_drv_ppi.o
 .text.nrf_drv_ppi_channel_fork_assign
                0x00000000        0x4 _build/nrf_drv_ppi.o
 .text.nrf_drv_ppi_group_disable
                0x00000000       0x24 _build/nrf_drv_ppi.o
 .text          0x00000000        0x0 _build/pstorage.o
 .data          0x00000000        0x0 _build/pstorage.o
 .bss           0x00000000        0x0 _build/pstorage.o
 .text.pstorage_access_status_get
                0x00000000       0x28 _build/pstorage.o
 .text          0x00000000        0x0 _build/ble_advdata.o
 .data          0x00000000        0x0 _build/ble_advdata.o
 .bss           0x00000000        0x0 _build/ble_advdata.o
 .text          0x00000000        0x0 _build/ble_conn_params.o
 .data          0x00000000        0x0 _build/ble_conn_params.o
 .bss           0x00000000        0x0 _build/ble_conn_params.o
 .text.ble_conn_params_stop
                0x00000000       0x10 _build/ble_conn_params.o
 .text.ble_conn_params_change_conn_params
                0x00000000       0x70 _build/ble_conn_params.o
 .text          0x00000000        0x0 _build/ble_srv_common.o
 .data          0x00000000        0x0 _build/ble_srv_common.o
 .bss           0x00000000        0x0 _build/ble_srv_common.o
 .text.sd_ble_gatts_characteristic_add
                0x00000000        0x4 _build/ble_srv_common.o
 .text.sd_ble_gatts_descriptor_add
                0x00000000        0x4 _build/ble_srv_common.o
 .text.ble_srv_report_ref_encode
                0x00000000        0xc _build/ble_srv_common.o
 .text.characteristic_add
                0x00000000      0x368 _build/ble_srv_common.o
 .rodata.characteristic_add
                0x00000000       0x78 _build/ble_srv_common.o
 .text.descriptor_add
                0x00000000      0x15c _build/ble_srv_common.o
 .rodata.descriptor_add
                0x00000000       0x30 _build/ble_srv_common.o
 .text          0x00000000        0x0 _build/ble_dis.o
 .data          0x00000000        0x0 _build/ble_dis.o
 .bss           0x00000000        0x0 _build/ble_dis.o
 .text          0x00000000        0x0 _build/ble_nus.o
 .data          0x00000000        0x0 _build/ble_nus.o
 .bss           0x00000000        0x0 _build/ble_nus.o
 .text.sd_ble_gatts_service_add
                0x00000000        0x4 _build/ble_nus.o
 .text.sd_ble_gatts_characteristic_add
                0x00000000        0x4 _build/ble_nus.o
 .text.sd_ble_gatts_hvx
                0x00000000        0x4 _build/ble_nus.o
 .text.sd_ble_uuid_vs_add
                0x00000000        0x4 _build/ble_nus.o
 .text.ble_nus_on_ble_evt
                0x00000000       0x60 _build/ble_nus.o
 .text.ble_nus_init
                0x00000000      0x208 _build/ble_nus.o
 .text.ble_nus_string_send
                0x00000000       0x5c _build/ble_nus.o
 .rodata        0x00000000       0x10 _build/ble_nus.o
 .comment       0x00000000       0x71 _build/ble_nus.o
 .ARM.attributes
                0x00000000       0x31 _build/ble_nus.o
 .text          0x00000000        0x0 _build/system_nrf51.o
 .data          0x00000000        0x0 _build/system_nrf51.o
 .bss           0x00000000        0x0 _build/system_nrf51.o
 .text.SystemCoreClockUpdate
                0x00000000       0x10 _build/system_nrf51.o
 .data.SystemCoreClock
                0x00000000        0x4 _build/system_nrf51.o
 .text          0x00000000        0x0 _build/softdevice_handler.o
 .data          0x00000000        0x0 _build/softdevice_handler.o
 .bss           0x00000000        0x0 _build/softdevice_handler.o
 .text.sd_softdevice_disable
                0x00000000        0x4 _build/softdevice_handler.o
 .text.intern_softdevice_events_execute
                0x00000000       0x14 _build/softdevice_handler.o
 .text.softdevice_handler_isEnabled
                0x00000000        0xc _build/softdevice_handler.o
 .text.softdevice_handler_sd_disable
                0x00000000       0x18 _build/softdevice_handler.o
 .data          0x00000000        0x0 _build/gcc_startup_nrf51.o
 .bss           0x00000000        0x0 _build/gcc_startup_nrf51.o
 .data          0x00000000        0x0 /home/marco/ARMToolchain/gcc-arm-none-eabi-4_9-2015q2/bin/../lib/gcc/arm-none-eabi/4.9.3/armv6-m/libgcc.a(_udivsi3.o)
 .bss           0x00000000        0x0 /home/marco/ARMToolchain/gcc-arm-none-eabi-4_9-2015q2/bin/../lib/gcc/arm-none-eabi/4.9.3/armv6-m/libgcc.a(_udivsi3.o)
 .data          0x00000000        0x0 /home/marco/ARMToolchain/gcc-arm-none-eabi-4_9-2015q2/bin/../lib/gcc/arm-none-eabi/4.9.3/armv6-m/libgcc.a(_divsi3.o)
 .bss           0x00000000        0x0 /home/marco/ARMToolchain/gcc-arm-none-eabi-4_9-2015q2/bin/../lib/gcc/arm-none-eabi/4.9.3/armv6-m/libgcc.a(_divsi3.o)
 .data          0x00000000        0x0 /home/marco/ARMToolchain/gcc-arm-none-eabi-4_9-2015q2/bin/../lib/gcc/arm-none-eabi/4.9.3/armv6-m/libgcc.a(_dvmd_tls.o)
 .bss           0x00000000        0x0 /home/marco/ARMToolchain/gcc-arm-none-eabi-4_9-2015q2/bin/../lib/gcc/arm-none-eabi/4.9.3/armv6-m/libgcc.a(_dvmd_tls.o)
 .text          0x00000000        0x0 /home/marco/ARMToolchain/gcc-arm-none-eabi-4_9-2015q2/bin/../lib/gcc/arm-none-eabi/4.9.3/../../../../arm-none-eabi/lib/armv6-m/libc_nano.a(lib_a-memcmp.o)
 .data          0x00000000        0x0 /home/marco/ARMToolchain/gcc-arm-none-eabi-4_9-2015q2/bin/../lib/gcc/arm-none-eabi/4.9.3/../../../../arm-none-eabi/lib/armv6-m/libc_nano.a(lib_a-memcmp.o)
 .bss           0x00000000        0x0 /home/marco/ARMToolchain/gcc-arm-none-eabi-4_9-2015q2/bin/../lib/gcc/arm-none-eabi/4.9.3/../../../../arm-none-eabi/lib/armv6-m/libc_nano.a(lib_a-memcmp.o)
 .text          0x00000000        0x0 /home/marco/ARMToolchain/gcc-arm-none-eabi-4_9-2015q2/bin/../lib/gcc/arm-none-eabi/4.9.3/../../../../arm-none-eabi/lib/armv6-m/libc_nano.a(lib_a-memcpy.o)
 .data          0x00000000        0x0 /home/marco/ARMToolchain/gcc-arm-none-eabi-4_9-2015q2/bin/../lib/gcc/arm-none-eabi/4.9.3/../../../../arm-none-eabi/lib/armv6-m/libc_nano.a(lib_a-memcpy.o)
 .bss           0x00000000        0x0 /home/marco/ARMToolchain/gcc-arm-none-eabi-4_9-2015q2/bin/../lib/gcc/arm-none-eabi/4.9.3/../../../../arm-none-eabi/lib/armv6-m/libc_nano.a(lib_a-memcpy.o)
 .text          0x00000000        0x0 /home/marco/ARMToolchain/gcc-arm-none-eabi-4_9-2015q2/bin/../lib/gcc/arm-none-eabi/4.9.3/../../../../arm-none-eabi/lib/armv6-m/libc_nano.a(lib_a-sprintf.o)
 .data          0x00000000        0x0 /home/marco/ARMToolchain/gcc-arm-none-eabi-4_9-2015q2/bin/../lib/gcc/arm-none-eabi/4.9.3/../../../../arm-none-eabi/lib/armv6-m/libc_nano.a(lib_a-sprintf.o)
 .bss           0x00000000        0x0 /home/marco/ARMToolchain/gcc-arm-none-eabi-4_9-2015q2/bin/../lib/gcc/arm-none-eabi/4.9.3/../../../../arm-none-eabi/lib/armv6-m/libc_nano.a(lib_a-sprintf.o)
 .text._sprintf_r
                0x00000000       0x40 /home/marco/ARMToolchain/gcc-arm-none-eabi-4_9-2015q2/bin/../lib/gcc/arm-none-eabi/4.9.3/../../../../arm-none-eabi/lib/armv6-m/libc_nano.a(lib_a-sprintf.o)
 .text          0x00000000        0x0 /home/marco/ARMToolchain/gcc-arm-none-eabi-4_9-2015q2/bin/../lib/gcc/arm-none-eabi/4.9.3/../../../../arm-none-eabi/lib/armv6-m/libc_nano.a(lib_a-strlen.o)
 .data          0x00000000        0x0 /home/marco/ARMToolchain/gcc-arm-none-eabi-4_9-2015q2/bin/../lib/gcc/arm-none-eabi/4.9.3/../../../../arm-none-eabi/lib/armv6-m/libc_nano.a(lib_a-strlen.o)
 .bss           0x00000000        0x0 /home/marco/ARMToolchain/gcc-arm-none-eabi-4_9-2015q2/bin/../lib/gcc/arm-none-eabi/4.9.3/../../../../arm-none-eabi/lib/armv6-m/libc_nano.a(lib_a-strlen.o)
 .text          0x00000000        0x0 /home/marco/ARMToolchain/gcc-arm-none-eabi-4_9-2015q2/bin/../lib/gcc/arm-none-eabi/4.9.3/../../../../arm-none-eabi/lib/armv6-m/libc_nano.a(lib_a-nano-svfprintf.o)
 .data          0x00000000        0x0 /home/marco/ARMToolchain/gcc-arm-none-eabi-4_9-2015q2/bin/../lib/gcc/arm-none-eabi/4.9.3/../../../../arm-none-eabi/lib/armv6-m/libc_nano.a(lib_a-nano-svfprintf.o)
 .bss           0x00000000        0x0 /home/marco/ARMToolchain/gcc-arm-none-eabi-4_9-2015q2/bin/../lib/gcc/arm-none-eabi/4.9.3/../../../../arm-none-eabi/lib/armv6-m/libc_nano.a(lib_a-nano-svfprintf.o)
 .text.__ssprint_r
                0x00000000      0x108 /home/marco/ARMToolchain/gcc-arm-none-eabi-4_9-2015q2/bin/../lib/gcc/arm-none-eabi/4.9.3/../../../../arm-none-eabi/lib/armv6-m/libc_nano.a(lib_a-nano-svfprintf.o)
 .text          0x00000000        0x0 /home/marco/ARMToolchain/gcc-arm-none-eabi-4_9-2015q2/bin/../lib/gcc/arm-none-eabi/4.9.3/../../../../arm-none-eabi/lib/armv6-m/libc_nano.a(lib_a-nano-vfprintf_i.o)
 .data          0x00000000        0x0 /home/marco/ARMToolchain/gcc-arm-none-eabi-4_9-2015q2/bin/../lib/gcc/arm-none-eabi/4.9.3/../../../../arm-none-eabi/lib/armv6-m/libc_nano.a(lib_a-nano-vfprintf_i.o)
 .bss           0x00000000        0x0 /home/marco/ARMToolchain/gcc-arm-none-eabi-4_9-2015q2/bin/../lib/gcc/arm-none-eabi/4.9.3/../../../../arm-none-eabi/lib/armv6-m/libc_nano.a(lib_a-nano-vfprintf_i.o)
 .text          0x00000000        0x0 /home/marco/ARMToolchain/gcc-arm-none-eabi-4_9-2015q2/bin/../lib/gcc/arm-none-eabi/4.9.3/../../../../arm-none-eabi/lib/armv6-m/libc_nano.a(lib_a-memchr.o)
 .data          0x00000000        0x0 /home/marco/ARMToolchain/gcc-arm-none-eabi-4_9-2015q2/bin/../lib/gcc/arm-none-eabi/4.9.3/../../../../arm-none-eabi/lib/armv6-m/libc_nano.a(lib_a-memchr.o)
 .bss           0x00000000        0x0 /home/marco/ARMToolchain/gcc-arm-none-eabi-4_9-2015q2/bin/../lib/gcc/arm-none-eabi/4.9.3/../../../../arm-none-eabi/lib/armv6-m/libc_nano.a(lib_a-memchr.o)
 .text          0x00000000        0x0 /home/marco/ARMToolchain/gcc-arm-none-eabi-4_9-2015q2/bin/../lib/gcc/arm-none-eabi/4.9.3/../../../../arm-none-eabi/lib/armv6-m/libc_nano.a(lib_a-memmove.o)
 .data          0x00000000        0x0 /home/marco/ARMToolchain/gcc-arm-none-eabi-4_9-2015q2/bin/../lib/gcc/arm-none-eabi/4.9.3/../../../../arm-none-eabi/lib/armv6-m/libc_nano.a(lib_a-memmove.o)
 .bss           0x00000000        0x0 /home/marco/ARMToolchain/gcc-arm-none-eabi-4_9-2015q2/bin/../lib/gcc/arm-none-eabi/4.9.3/../../../../arm-none-eabi/lib/armv6-m/libc_nano.a(lib_a-memmove.o)
 .text          0x00000000        0x0 /home/marco/ARMToolchain/gcc-arm-none-eabi-4_9-2015q2/bin/../lib/gcc/arm-none-eabi/4.9.3/../../../../arm-none-eabi/lib/armv6-m/libc_nano.a(lib_a-nano-freer.o)
 .data          0x00000000        0x0 /home/marco/ARMToolchain/gcc-arm-none-eabi-4_9-2015q2/bin/../lib/gcc/arm-none-eabi/4.9.3/../../../../arm-none-eabi/lib/armv6-m/libc_nano.a(lib_a-nano-freer.o)
 .bss           0x00000000        0x0 /home/marco/ARMToolchain/gcc-arm-none-eabi-4_9-2015q2/bin/../lib/gcc/arm-none-eabi/4.9.3/../../../../arm-none-eabi/lib/armv6-m/libc_nano.a(lib_a-nano-freer.o)
 .text          0x00000000        0x0 /home/marco/ARMToolchain/gcc-arm-none-eabi-4_9-2015q2/bin/../lib/gcc/arm-none-eabi/4.9.3/../../../../arm-none-eabi/lib/armv6-m/libc_nano.a(lib_a-nano-mallocr.o)
 .data          0x00000000        0x0 /home/marco/ARMToolchain/gcc-arm-none-eabi-4_9-2015q2/bin/../lib/gcc/arm-none-eabi/4.9.3/../../../../arm-none-eabi/lib/armv6-m/libc_nano.a(lib_a-nano-mallocr.o)
 .bss           0x00000000        0x0 /home/marco/ARMToolchain/gcc-arm-none-eabi-4_9-2015q2/bin/../lib/gcc/arm-none-eabi/4.9.3/../../../../arm-none-eabi/lib/armv6-m/libc_nano.a(lib_a-nano-mallocr.o)
 .text          0x00000000        0x0 /home/marco/ARMToolchain/gcc-arm-none-eabi-4_9-2015q2/bin/../lib/gcc/arm-none-eabi/4.9.3/../../../../arm-none-eabi/lib/armv6-m/libc_nano.a(lib_a-nano-reallocr.o)
 .data          0x00000000        0x0 /home/marco/ARMToolchain/gcc-arm-none-eabi-4_9-2015q2/bin/../lib/gcc/arm-none-eabi/4.9.3/../../../../arm-none-eabi/lib/armv6-m/libc_nano.a(lib_a-nano-reallocr.o)
 .bss           0x00000000        0x0 /home/marco/ARMToolchain/gcc-arm-none-eabi-4_9-2015q2/bin/../lib/gcc/arm-none-eabi/4.9.3/../../../../arm-none-eabi/lib/armv6-m/libc_nano.a(lib_a-nano-reallocr.o)
 .text          0x00000000        0x0 /home/marco/ARMToolchain/gcc-arm-none-eabi-4_9-2015q2/bin/../lib/gcc/arm-none-eabi/4.9.3/../../../../arm-none-eabi/lib/armv6-m/libc_nano.a(lib_a-sbrkr.o)
 .data          0x00000000        0x0 /home/marco/ARMToolchain/gcc-arm-none-eabi-4_9-2015q2/bin/../lib/gcc/arm-none-eabi/4.9.3/../../../../arm-none-eabi/lib/armv6-m/libc_nano.a(lib_a-sbrkr.o)
 .bss           0x00000000        0x0 /home/marco/ARMToolchain/gcc-arm-none-eabi-4_9-2015q2/bin/../lib/gcc/arm-none-eabi/4.9.3/../../../../arm-none-eabi/lib/armv6-m/libc_nano.a(lib_a-sbrkr.o)
 .text          0x00000000        0x0 /home/marco/ARMToolchain/gcc-arm-none-eabi-4_9-2015q2/bin/../lib/gcc/arm-none-eabi/4.9.3/../../../../arm-none-eabi/lib/armv6-m/libc_nano.a(lib_a-nano-msizer.o)
 .data          0x00000000        0x0 /home/marco/ARMToolchain/gcc-arm-none-eabi-4_9-2015q2/bin/../lib/gcc/arm-none-eabi/4.9.3/../../../../arm-none-eabi/lib/armv6-m/libc_nano.a(lib_a-nano-msizer.o)
 .bss           0x00000000        0x0 /home/marco/ARMToolchain/gcc-arm-none-eabi-4_9-2015q2/bin/../lib/gcc/arm-none-eabi/4.9.3/../../../../arm-none-eabi/lib/armv6-m/libc_nano.a(lib_a-nano-msizer.o)
 .text          0x00000000        0x0 /home/marco/ARMToolchain/gcc-arm-none-eabi-4_9-2015q2/bin/../lib/gcc/arm-none-eabi/4.9.3/../../../../arm-none-eabi/lib/armv6-m/libc_nano.a(lib_a-reent.o)
 .data          0x00000000        0x0 /home/marco/ARMToolchain/gcc-arm-none-eabi-4_9-2015q2/bin/../lib/gcc/arm-none-eabi/4.9.3/../../../../arm-none-eabi/lib/armv6-m/libc_nano.a(lib_a-reent.o)
 .bss           0x00000000        0x0 /home/marco/ARMToolchain/gcc-arm-none-eabi-4_9-2015q2/bin/../lib/gcc/arm-none-eabi/4.9.3/../../../../arm-none-eabi/lib/armv6-m/libc_nano.a(lib_a-reent.o)
 .text.cleanup_glue
                0x00000000       0x1a /home/marco/ARMToolchain/gcc-arm-none-eabi-4_9-2015q2/bin/../lib/gcc/arm-none-eabi/4.9.3/../../../../arm-none-eabi/lib/armv6-m/libc_nano.a(lib_a-reent.o)
 .text._reclaim_reent
                0x00000000       0xcc /home/marco/ARMToolchain/gcc-arm-none-eabi-4_9-2015q2/bin/../lib/gcc/arm-none-eabi/4.9.3/../../../../arm-none-eabi/lib/armv6-m/libc_nano.a(lib_a-reent.o)
 .text          0x00000000        0x0 /home/marco/ARMToolchain/gcc-arm-none-eabi-4_9-2015q2/bin/../lib/gcc/arm-none-eabi/4.9.3/armv6-m/crtend.o
 .data          0x00000000        0x0 /home/marco/ARMToolchain/gcc-arm-none-eabi-4_9-2015q2/bin/../lib/gcc/arm-none-eabi/4.9.3/armv6-m/crtend.o
 .bss           0x00000000        0x0 /home/marco/ARMToolchain/gcc-arm-none-eabi-4_9-2015q2/bin/../lib/gcc/arm-none-eabi/4.9.3/armv6-m/crtend.o
 .text          0x00000000        0x0 /home/marco/ARMToolchain/gcc-arm-none-eabi-4_9-2015q2/bin/../lib/gcc/arm-none-eabi/4.9.3/armv6-m/crtn.o
 .data          0x00000000        0x0 /home/marco/ARMToolchain/gcc-arm-none-eabi-4_9-2015q2/bin/../lib/gcc/arm-none-eabi/4.9.3/armv6-m/crtn.o
 .bss           0x00000000        0x0 /home/marco/ARMToolchain/gcc-arm-none-eabi-4_9-2015q2/bin/../lib/gcc/arm-none-eabi/4.9.3/armv6-m/crtn.o
 .text          0x00000000        0x0 /home/marco/ARMToolchain/gcc-arm-none-eabi-4_9-2015q2/bin/../lib/gcc/arm-none-eabi/4.9.3/../../../../arm-none-eabi/lib/armv6-m/libnosys.a(sbrk.o)
 .data          0x00000000        0x0 /home/marco/ARMToolchain/gcc-arm-none-eabi-4_9-2015q2/bin/../lib/gcc/arm-none-eabi/4.9.3/../../../../arm-none-eabi/lib/armv6-m/libnosys.a(sbrk.o)
 .bss           0x00000000        0x0 /home/marco/ARMToolchain/gcc-arm-none-eabi-4_9-2015q2/bin/../lib/gcc/arm-none-eabi/4.9.3/../../../../arm-none-eabi/lib/armv6-m/libnosys.a(sbrk.o)

Memory Configuration

Name             Origin             Length             Attributes
FLASH            0x0001b000         0x00024000         xr
RAM              0x20002800         0x00001800         xrw
*default*        0x00000000         0xffffffff

Linker script and memory map

LOAD /home/marco/ARMToolchain/gcc-arm-none-eabi-4_9-2015q2/bin/../lib/gcc/arm-none-eabi/4.9.3/armv6-m/crti.o
LOAD /home/marco/ARMToolchain/gcc-arm-none-eabi-4_9-2015q2/bin/../lib/gcc/arm-none-eabi/4.9.3/armv6-m/crtbegin.o
LOAD /home/marco/ARMToolchain/gcc-arm-none-eabi-4_9-2015q2/bin/../lib/gcc/arm-none-eabi/4.9.3/../../../../arm-none-eabi/lib/armv6-m/crt0.o
LOAD /home/marco/ARMToolchain/gcc-arm-none-eabi-4_9-2015q2/bin/../lib/gcc/arm-none-eabi/4.9.3/../../../../arm-none-eabi/lib/armv6-m/libc_nano.a
LOAD /home/marco/ARMToolchain/gcc-arm-none-eabi-4_9-2015q2/bin/../lib/gcc/arm-none-eabi/4.9.3/../../../../arm-none-eabi/lib/armv6-m/libnosys.a
LOAD _build/main.o
LOAD _build/application.o
LOAD _build/ble_manager.o
LOAD _build/dimmer_service.o
LOAD _build/memory.o
LOAD _build/led_strip.o
LOAD _build/app_pwm.o
LOAD _build/app_error.o
LOAD _build/app_error_weak.o
LOAD _build/app_fifo.o
LOAD _build/app_timer.o
LOAD _build/app_trace.o
LOAD _build/nrf_assert.o
LOAD _build/app_util_platform.o
LOAD _build/retarget.o
LOAD _build/nrf_drv_uart.o
LOAD _build/nrf_delay.o
LOAD _build/nrf_drv_common.o
LOAD _build/nrf_drv_gpiote.o
LOAD _build/nrf_drv_timer.o
LOAD _build/nrf_soc.o
LOAD _build/nrf_drv_ppi.o
LOAD _build/pstorage.o
LOAD _build/ble_advdata.o
LOAD _build/ble_conn_params.o
LOAD _build/ble_srv_common.o
LOAD _build/ble_dis.o
LOAD _build/ble_nus.o
LOAD _build/system_nrf51.o
LOAD _build/softdevice_handler.o
LOAD _build/gcc_startup_nrf51.o
START GROUP
LOAD /home/marco/ARMToolchain/gcc-arm-none-eabi-4_9-2015q2/bin/../lib/gcc/arm-none-eabi/4.9.3/armv6-m/libgcc.a
LOAD /home/marco/ARMToolchain/gcc-arm-none-eabi-4_9-2015q2/bin/../lib/gcc/arm-none-eabi/4.9.3/../../../../arm-none-eabi/lib/armv6-m/libc_nano.a
END GROUP
START GROUP
LOAD /home/marco/ARMToolchain/gcc-arm-none-eabi-4_9-2015q2/bin/../lib/gcc/arm-none-eabi/4.9.3/armv6-m/libgcc.a
LOAD /home/marco/ARMToolchain/gcc-arm-none-eabi-4_9-2015q2/bin/../lib/gcc/arm-none-eabi/4.9.3/../../../../arm-none-eabi/lib/armv6-m/libc_nano.a
END GROUP
LOAD /home/marco/ARMToolchain/gcc-arm-none-eabi-4_9-2015q2/bin/../lib/gcc/arm-none-eabi/4.9.3/armv6-m/crtend.o
LOAD /home/marco/ARMToolchain/gcc-arm-none-eabi-4_9-2015q2/bin/../lib/gcc/arm-none-eabi/4.9.3/armv6-m/crtn.o
START GROUP
LOAD /home/marco/ARMToolchain/gcc-arm-none-eabi-4_9-2015q2/bin/../lib/gcc/arm-none-eabi/4.9.3/armv6-m/libgcc.a
LOAD /home/marco/ARMToolchain/gcc-arm-none-eabi-4_9-2015q2/bin/../lib/gcc/arm-none-eabi/4.9.3/../../../../arm-none-eabi/lib/armv6-m/libc.a
LOAD /home/marco/ARMToolchain/gcc-arm-none-eabi-4_9-2015q2/bin/../lib/gcc/arm-none-eabi/4.9.3/../../../../arm-none-eabi/lib/armv6-m/libnosys.a
END GROUP

.fs_data_out    0x00000000        0x0
                0x00000000                PROVIDE (__start_fs_data, .)
 *(fs_data)
                0x00000000                PROVIDE (__stop_fs_data, .)

.text           0x0001b000     0x6db8
 *(.isr_vector)
 .isr_vector    0x0001b000       0xc0 _build/gcc_startup_nrf51.o
                0x0001b000                __isr_vector
 *(.text*)
 .text          0x0001b0c0       0x60 /home/marco/ARMToolchain/gcc-arm-none-eabi-4_9-2015q2/bin/../lib/gcc/arm-none-eabi/4.9.3/armv6-m/crtbegin.o
 .text          0x0001b120       0x78 /home/marco/ARMToolchain/gcc-arm-none-eabi-4_9-2015q2/bin/../lib/gcc/arm-none-eabi/4.9.3/../../../../arm-none-eabi/lib/armv6-m/crt0.o
                0x0001b120                _mainCRTStartup
                0x0001b120                _start
 .text.exit     0x0001b198       0x2c /home/marco/ARMToolchain/gcc-arm-none-eabi-4_9-2015q2/bin/../lib/gcc/arm-none-eabi/4.9.3/../../../../arm-none-eabi/lib/armv6-m/libc_nano.a(lib_a-exit.o)
                0x0001b198                exit
 .text.__libc_init_array
                0x0001b1c4       0x4c /home/marco/ARMToolchain/gcc-arm-none-eabi-4_9-2015q2/bin/../lib/gcc/arm-none-eabi/4.9.3/../../../../arm-none-eabi/lib/armv6-m/libc_nano.a(lib_a-init.o)
                0x0001b1c4                __libc_init_array
 .text.memset   0x0001b210       0x10 /home/marco/ARMToolchain/gcc-arm-none-eabi-4_9-2015q2/bin/../lib/gcc/arm-none-eabi/4.9.3/../../../../arm-none-eabi/lib/armv6-m/libc_nano.a(lib_a-memset.o)
                0x0001b210                memset
 .text._exit    0x0001b220        0x4 /home/marco/ARMToolchain/gcc-arm-none-eabi-4_9-2015q2/bin/../lib/gcc/arm-none-eabi/4.9.3/../../../../arm-none-eabi/lib/armv6-m/libnosys.a(_exit.o)
                0x0001b220                _exit
 .text.sd_app_evt_wait
                0x0001b224        0x4 _build/main.o
 .text.startup.main
                0x0001b228       0x40 _build/main.o
                0x0001b228                main
 .text.app_on_adv_timeout
                0x0001b268        0xc _build/application.o
                0x0001b268                app_on_adv_timeout
 .text.app_on_special_op
                0x0001b274       0x30 _build/application.o
                0x0001b274                app_on_special_op
 .text.application_on_new_scan
                0x0001b2a4       0x20 _build/application.o
                0x0001b2a4                application_on_new_scan
 .text.application_on_conn
                0x0001b2c4        0x4 _build/application.o
                0x0001b2c4                application_on_conn
 .text.application_on_disconn
                0x0001b2c8        0x8 _build/application.o
                0x0001b2c8                application_on_disconn
 .text.application_init
                0x0001b2d0       0x28 _build/application.o
                0x0001b2d0                application_init
 .text.application_run
                0x0001b2f8       0x2c _build/application.o
                0x0001b2f8                application_run
 .text.sd_ble_gap_adv_start
                0x0001b324        0x4 _build/ble_manager.o
 .text.sd_ble_gap_disconnect
                0x0001b328        0x4 _build/ble_manager.o
 .text.sd_ble_gap_appearance_set
                0x0001b32c        0x4 _build/ble_manager.o
 .text.sd_ble_gap_ppcp_set
                0x0001b330        0x4 _build/ble_manager.o
 .text.sd_ble_gap_device_name_set
                0x0001b334        0x4 _build/ble_manager.o
 .text.sd_ble_gap_sec_params_reply
                0x0001b338        0x4 _build/ble_manager.o
 .text.sd_ble_gap_scan_start
                0x0001b33c        0x4 _build/ble_manager.o
 .text.sd_ble_gatts_sys_attr_set
                0x0001b340        0x4 _build/ble_manager.o
 .text.dimmer_data_handler
                0x0001b344        0x4 _build/ble_manager.o
 .text.conn_params_error_handler
                0x0001b348        0x8 _build/ble_manager.o
 .text.ble_evt_dispatch
                0x0001b350       0xe8 _build/ble_manager.o
 .text.on_conn_params_evt
                0x0001b438       0x24 _build/ble_manager.o
 .text.ble_man_init
                0x0001b45c      0x1d4 _build/ble_manager.o
                0x0001b45c                ble_man_init
 .text.ble_man_scan_start
                0x0001b630       0x18 _build/ble_manager.o
                0x0001b630                ble_man_scan_start
 .text.ble_man_adv_start
                0x0001b648       0x8c _build/ble_manager.o
                0x0001b648                ble_man_adv_start
 .text.sd_ble_gatts_service_add
                0x0001b6d4        0x4 _build/dimmer_service.o
 .text.sd_ble_gatts_characteristic_add
                0x0001b6d8        0x4 _build/dimmer_service.o
 .text.sd_ble_uuid_vs_add
                0x0001b6dc        0x4 _build/dimmer_service.o
 .text.ble_dimmer_on_ble_evt
                0x0001b6e0       0x58 _build/dimmer_service.o
                0x0001b6e0                ble_dimmer_on_ble_evt
 .text.ble_dimmer_init
                0x0001b738      0x1e0 _build/dimmer_service.o
                0x0001b738                ble_dimmer_init
 .text.ps_cb_handler
                0x0001b918       0xf8 _build/memory.o
 .text.sys_evt_dispatch
                0x0001ba10        0x8 _build/memory.o
 .text.memory_is_busy
                0x0001ba18       0x14 _build/memory.o
                0x0001ba18                memory_is_busy
 .text.memory_update_field
                0x0001ba2c       0xec _build/memory.o
                0x0001ba2c                memory_update_field
 .text.memory_init
                0x0001bb18       0x8c _build/memory.o
                0x0001bb18                memory_init
 .text.pwm_ready_callback
                0x0001bba4       0x20 _build/led_strip.o
 .text.led_light_init
                0x0001bbc4       0x98 _build/led_strip.o
                0x0001bbc4                led_light_init
 .text.led_update_light
                0x0001bc5c       0xbc _build/led_strip.o
                0x0001bc5c                led_update_light
 .text.led_manage_light
                0x0001bd18      0x1a8 _build/led_strip.o
                0x0001bd18                led_manage_light
 .text.pwm_ready_tick
                0x0001bec0       0x9c _build/app_pwm.o
                0x0001bec0                pwm_ready_tick
 .text.pwm_transition_0or100_to_n
                0x0001bf5c      0x14c _build/app_pwm.o
 .text.pwm_transition_n_to_0or100
                0x0001c0a8      0x13c _build/app_pwm.o
 .text.pwm_transition_n_to_m
                0x0001c1e4       0xfc _build/app_pwm.o
 .text.app_pwm_channel_duty_ticks_set
                0x0001c2e0      0x1d8 _build/app_pwm.o
                0x0001c2e0                app_pwm_channel_duty_ticks_set
 .text.app_pwm_channel_duty_set
                0x0001c4b8      0x1e4 _build/app_pwm.o
                0x0001c4b8                app_pwm_channel_duty_set
 .text.app_pwm_init
                0x0001c69c      0x4d0 _build/app_pwm.o
                0x0001c69c                app_pwm_init
 .text.app_pwm_enable
                0x0001cb6c       0xcc _build/app_pwm.o
                0x0001cb6c                app_pwm_enable
 .text.app_error_handler_bare
                0x0001cc38       0x20 _build/app_error.o
                0x0001cc38                app_error_handler_bare
 .text.app_error_fault_handler
                0x0001cc58       0x1c _build/app_error_weak.o
                0x0001cc58                app_error_fault_handler
 .text.rtc1_stop
                0x0001cc74       0x78 _build/app_timer.o
 .text.RTC1_IRQHandler
                0x0001ccec       0xdc _build/app_timer.o
                0x0001ccec                RTC1_IRQHandler
 .text.SWI0_IRQHandler
                0x0001cdc8      0x448 _build/app_timer.o
                0x0001cdc8                SWI0_IRQHandler
 .text.app_timer_init
                0x0001d210       0xe4 _build/app_timer.o
                0x0001d210                app_timer_init
 .text.app_timer_create
                0x0001d2f4       0x34 _build/app_timer.o
                0x0001d2f4                app_timer_create
 .text.app_timer_start
                0x0001d328       0xf8 _build/app_timer.o
                0x0001d328                app_timer_start
 .text.app_timer_stop
                0x0001d420       0xc8 _build/app_timer.o
                0x0001d420                app_timer_stop
 .text.app_util_critical_region_enter
                0x0001d4e8       0x40 _build/app_util_platform.o
                0x0001d4e8                app_util_critical_region_enter
 .text.app_util_critical_region_exit
                0x0001d528       0x2c _build/app_util_platform.o
                0x0001d528                app_util_critical_region_exit
 .text.UART0_IRQHandler
                0x0001d554      0x1a8 _build/nrf_drv_uart.o
                0x0001d554                UART0_IRQHandler
 .text.nrf_delay_ms
                0x0001d6fc       0x3c _build/nrf_delay.o
                0x0001d6fc                nrf_delay_ms
 .text.nrf_drv_common_irq_enable
                0x0001d738       0x80 _build/nrf_drv_common.o
                0x0001d738                nrf_drv_common_irq_enable
 .text.nrf_drv_gpiote_init
                0x0001d7b8       0x74 _build/nrf_drv_gpiote.o
                0x0001d7b8                nrf_drv_gpiote_init
 .text.nrf_drv_gpiote_is_init
                0x0001d82c       0x14 _build/nrf_drv_gpiote.o
                0x0001d82c                nrf_drv_gpiote_is_init
 .text.nrf_drv_gpiote_out_init
                0x0001d840       0xdc _build/nrf_drv_gpiote.o
                0x0001d840                nrf_drv_gpiote_out_init
 .text.nrf_drv_gpiote_out_uninit
                0x0001d91c       0x48 _build/nrf_drv_gpiote.o
                0x0001d91c                nrf_drv_gpiote_out_uninit
 .text.nrf_drv_gpiote_out_task_enable
                0x0001d964       0x38 _build/nrf_drv_gpiote.o
                0x0001d964                nrf_drv_gpiote_out_task_enable
 .text.nrf_drv_gpiote_out_task_addr_get
                0x0001d99c       0x20 _build/nrf_drv_gpiote.o
                0x0001d99c                nrf_drv_gpiote_out_task_addr_get
 .text.nrf_drv_gpiote_out_task_force
                0x0001d9bc       0x38 _build/nrf_drv_gpiote.o
                0x0001d9bc                nrf_drv_gpiote_out_task_force
 .text.GPIOTE_IRQHandler
                0x0001d9f4      0x2c0 _build/nrf_drv_gpiote.o
                0x0001d9f4                GPIOTE_IRQHandler
 .text.nrf_drv_timer_init
                0x0001dcb4       0xe8 _build/nrf_drv_timer.o
                0x0001dcb4                nrf_drv_timer_init
 .text.nrf_drv_timer_uninit
                0x0001dd9c       0x58 _build/nrf_drv_timer.o
                0x0001dd9c                nrf_drv_timer_uninit
 .text.nrf_drv_timer_enable
                0x0001ddf4       0x1c _build/nrf_drv_timer.o
                0x0001ddf4                nrf_drv_timer_enable
 .text.nrf_drv_timer_clear
                0x0001de10        0x8 _build/nrf_drv_timer.o
                0x0001de10                nrf_drv_timer_clear
 .text.nrf_drv_timer_compare
                0x0001de18       0x2c _build/nrf_drv_timer.o
                0x0001de18                nrf_drv_timer_compare
 .text.nrf_drv_timer_extended_compare
                0x0001de44       0x4c _build/nrf_drv_timer.o
                0x0001de44                nrf_drv_timer_extended_compare
 .text.nrf_drv_timer_compare_int_enable
                0x0001de90       0x24 _build/nrf_drv_timer.o
                0x0001de90                nrf_drv_timer_compare_int_enable
 .text.nrf_drv_timer_compare_int_disable
                0x0001deb4       0x14 _build/nrf_drv_timer.o
                0x0001deb4                nrf_drv_timer_compare_int_disable
 .text.TIMER0_IRQHandler
                0x0001dec8       0xb4 _build/nrf_drv_timer.o
                0x0001dec8                TIMER0_IRQHandler
 .text.TIMER1_IRQHandler
                0x0001df7c       0xb4 _build/nrf_drv_timer.o
                0x0001df7c                TIMER1_IRQHandler
 .text.TIMER2_IRQHandler
                0x0001e030       0xb4 _build/nrf_drv_timer.o
                0x0001e030                TIMER2_IRQHandler
 .text.nrf_drv_ppi_init
                0x0001e0e4       0x18 _build/nrf_drv_ppi.o
                0x0001e0e4                nrf_drv_ppi_init
 .text.nrf_drv_ppi_channel_alloc
                0x0001e0fc       0x7c _build/nrf_drv_ppi.o
                0x0001e0fc                nrf_drv_ppi_channel_alloc
 .text.nrf_drv_ppi_channel_free
                0x0001e178       0x44 _build/nrf_drv_ppi.o
                0x0001e178                nrf_drv_ppi_channel_free
 .text.nrf_drv_ppi_channel_assign
                0x0001e1bc       0x48 _build/nrf_drv_ppi.o
                0x0001e1bc                nrf_drv_ppi_channel_assign
 .text.nrf_drv_ppi_channel_enable
                0x0001e204       0x34 _build/nrf_drv_ppi.o
                0x0001e204                nrf_drv_ppi_channel_enable
 .text.nrf_drv_ppi_channel_disable
                0x0001e238       0x30 _build/nrf_drv_ppi.o
                0x0001e238                nrf_drv_ppi_channel_disable
 .text.nrf_drv_ppi_group_alloc
                0x0001e268       0x78 _build/nrf_drv_ppi.o
                0x0001e268                nrf_drv_ppi_group_alloc
 .text.nrf_drv_ppi_group_free
                0x0001e2e0       0x50 _build/nrf_drv_ppi.o
                0x0001e2e0                nrf_drv_ppi_group_free
 .text.nrf_drv_ppi_group_enable
                0x0001e330       0x30 _build/nrf_drv_ppi.o
                0x0001e330                nrf_drv_ppi_group_enable
 .text.nrf_drv_ppi_channels_remove_from_group
                0x0001e360       0x58 _build/nrf_drv_ppi.o
                0x0001e360                nrf_drv_ppi_channels_remove_from_group
 .text.nrf_drv_ppi_channels_include_in_group
                0x0001e3b8       0x58 _build/nrf_drv_ppi.o
                0x0001e3b8                nrf_drv_ppi_channels_include_in_group
 .text.sd_flash_write
                0x0001e410        0x4 _build/pstorage.o
 .text.sd_flash_page_erase
                0x0001e414        0x4 _build/pstorage.o
 .text.flash_api_err_code_process
                0x0001e418       0x60 _build/pstorage.o
 .text.state_entry_action_run
                0x0001e478      0x1b4 _build/pstorage.o
 .text.clear_operation_execute
                0x0001e62c      0x194 _build/pstorage.o
 .text.unlikely.cmd_queue_enqueue
                0x0001e7c0       0x8c _build/pstorage.o
 .text.tail_restore_state_run
                0x0001e84c       0xb4 _build/pstorage.o
 .text.state_write_data_swap_entry_run
                0x0001e900       0xb0 _build/pstorage.o
 .text.state_restore_head_entry_run
                0x0001e9b0       0xb0 _build/pstorage.o
 .text.data_to_swap_write_state_run
                0x0001ea60       0xa0 _build/pstorage.o
 .text.state_restore_tail_entry_run
                0x0001eb00       0xc0 _build/pstorage.o
 .text.state_erase_data_page_entry_run
                0x0001ebc0       0x70 _build/pstorage.o
 .text.swap_erase_state_run
                0x0001ec30       0xd4 _build/pstorage.o
 .text.state_swap_erase_entry_run
                0x0001ed04       0xa4 _build/pstorage.o
 .text.store_cmd_flash_write_execute
                0x0001eda8      0x120 _build/pstorage.o
 .text.head_restore_state_run
                0x0001eec8      0x21c _build/pstorage.o
 .text.data_page_erase_state_run
                0x0001f0e4      0x26c _build/pstorage.o
 .text.command_end_procedure_run
                0x0001f350       0xb8 _build/pstorage.o
 .text.pstorage_sys_event_handler
                0x0001f408      0x1cc _build/pstorage.o
                0x0001f408                pstorage_sys_event_handler
 .text.pstorage_init
                0x0001f5d4      0x14c _build/pstorage.o
                0x0001f5d4                pstorage_init
 .text.pstorage_register
                0x0001f720       0xf0 _build/pstorage.o
                0x0001f720                pstorage_register
 .text.pstorage_block_identifier_get
                0x0001f810       0x50 _build/pstorage.o
                0x0001f810                pstorage_block_identifier_get
 .text.pstorage_store
                0x0001f860       0x88 _build/pstorage.o
                0x0001f860                pstorage_store
 .text.pstorage_update
                0x0001f8e8       0x88 _build/pstorage.o
                0x0001f8e8                pstorage_update
 .text.pstorage_load
                0x0001f970       0xa8 _build/pstorage.o
                0x0001f970                pstorage_load
 .text.pstorage_clear
                0x0001fa18       0x94 _build/pstorage.o
                0x0001fa18                pstorage_clear
 .text.sd_ble_gap_address_get
                0x0001faac        0x4 _build/ble_advdata.o
 .text.sd_ble_gap_adv_data_set
                0x0001fab0        0x4 _build/ble_advdata.o
 .text.sd_ble_gap_appearance_get
                0x0001fab4        0x4 _build/ble_advdata.o
 .text.sd_ble_gap_device_name_get
                0x0001fab8        0x4 _build/ble_advdata.o
 .text.sd_ble_uuid_encode
                0x0001fabc        0x4 _build/ble_advdata.o
 .text.name_encode
                0x0001fac0       0x8c _build/ble_advdata.o
 .text.uuid_list_sized_encode
                0x0001fb4c       0xe8 _build/ble_advdata.o
 .text.adv_data_encode
                0x0001fc34      0x550 _build/ble_advdata.o
                0x0001fc34                adv_data_encode
 .text.ble_advdata_set
                0x00020184      0x508 _build/ble_advdata.o
                0x00020184                ble_advdata_set
 .text.sd_ble_gap_conn_param_update
                0x0002068c        0x4 _build/ble_conn_params.o
 .text.sd_ble_gap_disconnect
                0x00020690        0x4 _build/ble_conn_params.o
 .text.sd_ble_gap_ppcp_set
                0x00020694        0x4 _build/ble_conn_params.o
 .text.sd_ble_gap_ppcp_get
                0x00020698        0x4 _build/ble_conn_params.o
 .text.update_timeout_handler
                0x0002069c       0x78 _build/ble_conn_params.o
 .text.conn_params_negotiation
                0x00020714       0x88 _build/ble_conn_params.o
 .text.ble_conn_params_init
                0x0002079c       0x78 _build/ble_conn_params.o
                0x0002079c                ble_conn_params_init
 .text.ble_conn_params_on_ble_evt
                0x00020814       0xa4 _build/ble_conn_params.o
                0x00020814                ble_conn_params_on_ble_evt
 .text.ble_srv_ascii_to_utf8
                0x000208b8       0x14 _build/ble_srv_common.o
                0x000208b8                ble_srv_ascii_to_utf8
 .text.sd_ble_gatts_service_add
                0x000208cc        0x4 _build/ble_dis.o
 .text.sd_ble_gatts_characteristic_add
                0x000208d0        0x4 _build/ble_dis.o
 .text.char_add
                0x000208d4       0xc8 _build/ble_dis.o
 .text.ble_dis_init
                0x0002099c      0x2ec _build/ble_dis.o
                0x0002099c                ble_dis_init
 .text.SystemInit
                0x00020c88       0xec _build/system_nrf51.o
                0x00020c88                SystemInit
 .text.sd_evt_get
                0x00020d74        0x4 _build/softdevice_handler.o
 .text.sd_softdevice_enable
                0x00020d78        0x4 _build/softdevice_handler.o
 .text.sd_ble_enable
                0x00020d7c        0x4 _build/softdevice_handler.o
 .text.sd_ble_evt_get
                0x00020d80        0x4 _build/softdevice_handler.o
 .text.softdevice_fault_handler
                0x00020d84        0x8 _build/softdevice_handler.o
                0x00020d84                softdevice_fault_handler
 .text.intern_softdevice_events_execute.part.0
                0x00020d8c       0xd8 _build/softdevice_handler.o
 .text.softdevice_handler_init
                0x00020e64       0x7c _build/softdevice_handler.o
                0x00020e64                softdevice_handler_init
 .text.softdevice_ble_evt_handler_set
                0x00020ee0       0x14 _build/softdevice_handler.o
                0x00020ee0                softdevice_ble_evt_handler_set
 .text.softdevice_sys_evt_handler_set
                0x00020ef4       0x14 _build/softdevice_handler.o
                0x00020ef4                softdevice_sys_evt_handler_set
 .text.SWI2_IRQHandler
                0x00020f08       0x30 _build/softdevice_handler.o
                0x00020f08                SWI2_IRQHandler
 .text.softdevice_enable_get_default_config
                0x00020f38       0x30 _build/softdevice_handler.o
                0x00020f38                softdevice_enable_get_default_config
 .text.sd_check_ram_start
                0x00020f68       0x14 _build/softdevice_handler.o
                0x00020f68                sd_check_ram_start
 .text.softdevice_enable
                0x00020f7c       0x1c _build/softdevice_handler.o
                0x00020f7c                softdevice_enable
 .text          0x00020f98       0x4c _build/gcc_startup_nrf51.o
                0x00020f98                Reset_Handler
                0x00020fd8                NMI_Handler
                0x00020fda                HardFault_Handler
                0x00020fdc                SVC_Handler
                0x00020fde                PendSV_Handler
                0x00020fe0                SysTick_Handler
                0x00020fe2                SPI0_TWI0_IRQHandler
                0x00020fe2                RTC0_IRQHandler
                0x00020fe2                POWER_CLOCK_IRQHandler
                0x00020fe2                RADIO_IRQHandler
                0x00020fe2                LPCOMP_IRQHandler
                0x00020fe2                SWI4_IRQHandler
                0x00020fe2                TEMP_IRQHandler
                0x00020fe2                QDEC_IRQHandler
                0x00020fe2                SWI5_IRQHandler
                0x00020fe2                ECB_IRQHandler
                0x00020fe2                Default_Handler
                0x00020fe2                ADC_IRQHandler
                0x00020fe2                SWI3_IRQHandler
                0x00020fe2                CCM_AAR_IRQHandler
                0x00020fe2                WDT_IRQHandler
                0x00020fe2                RNG_IRQHandler
                0x00020fe2                SPI1_TWI1_IRQHandler
                0x00020fe2                SWI1_IRQHandler
 .text          0x00020fe4      0x120 /home/marco/ARMToolchain/gcc-arm-none-eabi-4_9-2015q2/bin/../lib/gcc/arm-none-eabi/4.9.3/armv6-m/libgcc.a(_udivsi3.o)
                0x00020fe4                __udivsi3
                0x00020fe4                __aeabi_uidiv
                0x000210f0                __aeabi_uidivmod
 .text          0x00021104      0x1e0 /home/marco/ARMToolchain/gcc-arm-none-eabi-4_9-2015q2/bin/../lib/gcc/arm-none-eabi/4.9.3/armv6-m/libgcc.a(_divsi3.o)
                0x00021104                __aeabi_idiv
                0x00021104                __divsi3
                0x000212d0                __aeabi_idivmod
 .text          0x000212e4        0x4 /home/marco/ARMToolchain/gcc-arm-none-eabi-4_9-2015q2/bin/../lib/gcc/arm-none-eabi/4.9.3/armv6-m/libgcc.a(_dvmd_tls.o)
                0x000212e4                __aeabi_ldiv0
                0x000212e4                __aeabi_idiv0
 .text.memcmp   0x000212e8       0x1e /home/marco/ARMToolchain/gcc-arm-none-eabi-4_9-2015q2/bin/../lib/gcc/arm-none-eabi/4.9.3/../../../../arm-none-eabi/lib/armv6-m/libc_nano.a(lib_a-memcmp.o)
                0x000212e8                memcmp
 .text.memcpy   0x00021306       0x12 /home/marco/ARMToolchain/gcc-arm-none-eabi-4_9-2015q2/bin/../lib/gcc/arm-none-eabi/4.9.3/../../../../arm-none-eabi/lib/armv6-m/libc_nano.a(lib_a-memcpy.o)
                0x00021306                memcpy
 .text.sprintf  0x00021318       0x44 /home/marco/ARMToolchain/gcc-arm-none-eabi-4_9-2015q2/bin/../lib/gcc/arm-none-eabi/4.9.3/../../../../arm-none-eabi/lib/armv6-m/libc_nano.a(lib_a-sprintf.o)
                0x00021318                sprintf
                0x00021318                siprintf
 .text.strlen   0x0002135c        0xe /home/marco/ARMToolchain/gcc-arm-none-eabi-4_9-2015q2/bin/../lib/gcc/arm-none-eabi/4.9.3/../../../../arm-none-eabi/lib/armv6-m/libc_nano.a(lib_a-strlen.o)
                0x0002135c                strlen
 *fill*         0x0002136a        0x2 
 .text.__ssputs_r
                0x0002136c       0xc0 /home/marco/ARMToolchain/gcc-arm-none-eabi-4_9-2015q2/bin/../lib/gcc/arm-none-eabi/4.9.3/../../../../arm-none-eabi/lib/armv6-m/libc_nano.a(lib_a-nano-svfprintf.o)
                0x0002136c                __ssputs_r
 .text._svfprintf_r
                0x0002142c      0x1ec /home/marco/ARMToolchain/gcc-arm-none-eabi-4_9-2015q2/bin/../lib/gcc/arm-none-eabi/4.9.3/../../../../arm-none-eabi/lib/armv6-m/libc_nano.a(lib_a-nano-svfprintf.o)
                0x0002142c                _svfprintf_r
                0x0002142c                _svfiprintf_r
 .text._printf_common
                0x00021618       0xdc /home/marco/ARMToolchain/gcc-arm-none-eabi-4_9-2015q2/bin/../lib/gcc/arm-none-eabi/4.9.3/../../../../arm-none-eabi/lib/armv6-m/libc_nano.a(lib_a-nano-vfprintf_i.o)
                0x00021618                _printf_common
 .text._printf_i
                0x000216f4      0x230 /home/marco/ARMToolchain/gcc-arm-none-eabi-4_9-2015q2/bin/../lib/gcc/arm-none-eabi/4.9.3/../../../../arm-none-eabi/lib/armv6-m/libc_nano.a(lib_a-nano-vfprintf_i.o)
                0x000216f4                _printf_i
 .text.memchr   0x00021924       0x16 /home/marco/ARMToolchain/gcc-arm-none-eabi-4_9-2015q2/bin/../lib/gcc/arm-none-eabi/4.9.3/../../../../arm-none-eabi/lib/armv6-m/libc_nano.a(lib_a-memchr.o)
                0x00021924                memchr
 .text.memmove  0x0002193a       0x28 /home/marco/ARMToolchain/gcc-arm-none-eabi-4_9-2015q2/bin/../lib/gcc/arm-none-eabi/4.9.3/../../../../arm-none-eabi/lib/armv6-m/libc_nano.a(lib_a-memmove.o)
                0x0002193a                memmove
 *fill*         0x00021962        0x2 
 .text._free_r  0x00021964       0x8c /home/marco/ARMToolchain/gcc-arm-none-eabi-4_9-2015q2/bin/../lib/gcc/arm-none-eabi/4.9.3/../../../../arm-none-eabi/lib/armv6-m/libc_nano.a(lib_a-nano-freer.o)
                0x00021964                _free_r
 .text._malloc_r
                0x000219f0       0xb0 /home/marco/ARMToolchain/gcc-arm-none-eabi-4_9-2015q2/bin/../lib/gcc/arm-none-eabi/4.9.3/../../../../arm-none-eabi/lib/armv6-m/libc_nano.a(lib_a-nano-mallocr.o)
                0x000219f0                _malloc_r
 .text._realloc_r
                0x00021aa0       0x4c /home/marco/ARMToolchain/gcc-arm-none-eabi-4_9-2015q2/bin/../lib/gcc/arm-none-eabi/4.9.3/../../../../arm-none-eabi/lib/armv6-m/libc_nano.a(lib_a-nano-reallocr.o)
                0x00021aa0                _realloc_r
 .text._sbrk_r  0x00021aec       0x24 /home/marco/ARMToolchain/gcc-arm-none-eabi-4_9-2015q2/bin/../lib/gcc/arm-none-eabi/4.9.3/../../../../arm-none-eabi/lib/armv6-m/libc_nano.a(lib_a-sbrkr.o)
                0x00021aec                _sbrk_r
 .text._malloc_usable_size_r
                0x00021b10       0x16 /home/marco/ARMToolchain/gcc-arm-none-eabi-4_9-2015q2/bin/../lib/gcc/arm-none-eabi/4.9.3/../../../../arm-none-eabi/lib/armv6-m/libc_nano.a(lib_a-nano-msizer.o)
                0x00021b10                _malloc_usable_size_r
 *fill*         0x00021b26        0x2 
 .text._sbrk    0x00021b28       0x1c /home/marco/ARMToolchain/gcc-arm-none-eabi-4_9-2015q2/bin/../lib/gcc/arm-none-eabi/4.9.3/../../../../arm-none-eabi/lib/armv6-m/libnosys.a(sbrk.o)
                0x00021b28                _sbrk
 *(.init)
 .init          0x00021b44        0x4 /home/marco/ARMToolchain/gcc-arm-none-eabi-4_9-2015q2/bin/../lib/gcc/arm-none-eabi/4.9.3/armv6-m/crti.o
                0x00021b44                _init
 .init          0x00021b48        0x8 /home/marco/ARMToolchain/gcc-arm-none-eabi-4_9-2015q2/bin/../lib/gcc/arm-none-eabi/4.9.3/armv6-m/crtn.o
 *(.fini)
 .fini          0x00021b50        0x4 /home/marco/ARMToolchain/gcc-arm-none-eabi-4_9-2015q2/bin/../lib/gcc/arm-none-eabi/4.9.3/armv6-m/crti.o
                0x00021b50                _fini
 .fini          0x00021b54        0x8 /home/marco/ARMToolchain/gcc-arm-none-eabi-4_9-2015q2/bin/../lib/gcc/arm-none-eabi/4.9.3/armv6-m/crtn.o
 *crtbegin.o(.ctors)
 *crtbegin?.o(.ctors)
 *(EXCLUDE_FILE(*crtend.o *crtend?.o) .ctors)
 *(SORT(.ctors.*))
 *(.ctors)
 *crtbegin.o(.dtors)
 *crtbegin?.o(.dtors)
 *(EXCLUDE_FILE(*crtend.o *crtend?.o) .dtors)
 *(SORT(.dtors.*))
 *(.dtors)
 *(.rodata*)
 .rodata.str1.1
                0x00021b5c        0x2 /home/marco/ARMToolchain/gcc-arm-none-eabi-4_9-2015q2/bin/../lib/gcc/arm-none-eabi/4.9.3/../../../../arm-none-eabi/lib/armv6-m/libc_nano.a(lib_a-impure.o)
 *fill*         0x00021b5e        0x2 
 .rodata._global_impure_ptr
                0x00021b60        0x4 /home/marco/ARMToolchain/gcc-arm-none-eabi-4_9-2015q2/bin/../lib/gcc/arm-none-eabi/4.9.3/../../../../arm-none-eabi/lib/armv6-m/libc_nano.a(lib_a-impure.o)
                0x00021b60                _global_impure_ptr
 .rodata.default_values
                0x00021b64        0x9 _build/application.o
                0x00021b64                default_values
 *fill*         0x00021b6d        0x3 
 .rodata.pwm_values
                0x00021b70        0x8 _build/application.o
 .rodata.ble_evt_dispatch
                0x00021b78      0x118 _build/ble_manager.o
 .rodata        0x00021c90        0x4 _build/ble_manager.o
 .rodata.str1.4
                0x00021c94       0x30 _build/ble_manager.o
                                 0x2f (size before relaxing)
 .rodata.preamble_adv
                0x00021cc4        0xa _build/ble_manager.o
 *fill*         0x00021cce        0x2 
 .rodata.m_scan_params
                0x00021cd0       0x10 _build/ble_manager.o
 .rodata        0x00021ce0       0x10 _build/dimmer_service.o
 .rodata.signature_field
                0x00021cf0        0x4 _build/memory.o
 .rodata        0x00021cf4       0x28 _build/led_strip.o
 .rodata.m_pwm_PWM1_timer
                0x00021d1c        0x8 _build/led_strip.o
                0x00021d1c                m_pwm_PWM1_timer
 .rodata.m_pwm_PWM2_timer
                0x00021d24        0x8 _build/led_strip.o
                0x00021d24                m_pwm_PWM2_timer
 .rodata.PWM1   0x00021d2c        0x8 _build/led_strip.o
                0x00021d2c                PWM1
 .rodata.PWM2   0x00021d34        0x8 _build/led_strip.o
                0x00021d34                PWM2
 .rodata.m_default_config
                0x00021d3c       0x18 _build/nrf_drv_timer.o
 .rodata.swap_sub_state_sm_lut.6780
                0x00021d54       0x14 _build/pstorage.o
 .rodata.swap_sub_state_sm_lut.6705
                0x00021d68       0x14 _build/pstorage.o
 .rodata.m_conn_params_timer_id
                0x00021d7c        0x4 _build/ble_conn_params.o
 .rodata.str1.1
                0x00021d80       0x11 /home/marco/ARMToolchain/gcc-arm-none-eabi-4_9-2015q2/bin/../lib/gcc/arm-none-eabi/4.9.3/../../../../arm-none-eabi/lib/armv6-m/libc_nano.a(lib_a-nano-svfprintf.o)
 .rodata.str1.1
                0x00021d91       0x22 /home/marco/ARMToolchain/gcc-arm-none-eabi-4_9-2015q2/bin/../lib/gcc/arm-none-eabi/4.9.3/../../../../arm-none-eabi/lib/armv6-m/libc_nano.a(lib_a-nano-vfprintf_i.o)
 *(.eh_frame*)
 *fill*         0x00021db3        0x1 
 .eh_frame      0x00021db4        0x0 /home/marco/ARMToolchain/gcc-arm-none-eabi-4_9-2015q2/bin/../lib/gcc/arm-none-eabi/4.9.3/armv6-m/crtbegin.o
 .eh_frame      0x00021db4        0x4 /home/marco/ARMToolchain/gcc-arm-none-eabi-4_9-2015q2/bin/../lib/gcc/arm-none-eabi/4.9.3/armv6-m/crtend.o

.glue_7         0x00021db8        0x0
 .glue_7        0x00000000        0x0 linker stubs

.glue_7t        0x00021db8        0x0
 .glue_7t       0x00000000        0x0 linker stubs

.vfp11_veneer   0x00021db8        0x0
 .vfp11_veneer  0x00000000        0x0 linker stubs

.v4_bx          0x00021db8        0x0
 .v4_bx         0x00000000        0x0 linker stubs

.iplt           0x00021db8        0x0
 .iplt          0x00000000        0x0 /home/marco/ARMToolchain/gcc-arm-none-eabi-4_9-2015q2/bin/../lib/gcc/arm-none-eabi/4.9.3/armv6-m/crtbegin.o

.ARM.extab
 *(.ARM.extab* .gnu.linkonce.armextab.*)
                0x00021db8                __exidx_start = .

.ARM.exidx      0x00021db8        0x8
 *(.ARM.exidx* .gnu.linkonce.armexidx.*)
 .ARM.exidx     0x00021db8        0x8 /home/marco/ARMToolchain/gcc-arm-none-eabi-4_9-2015q2/bin/../lib/gcc/arm-none-eabi/4.9.3/../../../../arm-none-eabi/lib/armv6-m/crt0.o
                0x00021dc0                __exidx_end = .
                0x00021dc0                __etext = .

.rel.dyn        0x00021dc0        0x0
 .rel.iplt      0x00000000        0x0 /home/marco/ARMToolchain/gcc-arm-none-eabi-4_9-2015q2/bin/../lib/gcc/arm-none-eabi/4.9.3/armv6-m/crtbegin.o

.data           0x20002800       0x7c load address 0x00021dc0
                0x20002800                __data_start__ = .
 *(vtable)
 *(.data*)
 .data.impure_data
                0x20002800       0x60 /home/marco/ARMToolchain/gcc-arm-none-eabi-4_9-2015q2/bin/../lib/gcc/arm-none-eabi/4.9.3/../../../../arm-none-eabi/lib/armv6-m/libc_nano.a(lib_a-impure.o)
 .data._impure_ptr
                0x20002860        0x4 /home/marco/ARMToolchain/gcc-arm-none-eabi-4_9-2015q2/bin/../lib/gcc/arm-none-eabi/4.9.3/../../../../arm-none-eabi/lib/armv6-m/libc_nano.a(lib_a-impure.o)
                0x20002860                _impure_ptr
 .data.last_data_flag
                0x20002864        0x1 _build/ble_manager.o
 *fill*         0x20002865        0x1 
 .data.m_conn_handle
                0x20002866        0x2 _build/ble_manager.o
 .data.adv_uuids
                0x20002868        0x4 _build/ble_manager.o
 .data.curr_state
                0x2000286c        0x1 _build/memory.o
                0x20002870                . = ALIGN (0x4)
 *fill*         0x2000286d        0x3 
                0x20002870                PROVIDE (__preinit_array_start, .)
 *(.preinit_array)
                0x20002870                PROVIDE (__preinit_array_end, .)
                0x20002870                . = ALIGN (0x4)
                0x20002870                PROVIDE (__init_array_start, .)
 *(SORT(.init_array.*))
 *(.init_array)
 .init_array    0x20002870        0x4 /home/marco/ARMToolchain/gcc-arm-none-eabi-4_9-2015q2/bin/../lib/gcc/arm-none-eabi/4.9.3/armv6-m/crtbegin.o
                0x20002874                PROVIDE (__init_array_end, .)
                0x20002874                . = ALIGN (0x4)
                0x20002874                PROVIDE (__fini_array_start, .)
 *(SORT(.fini_array.*))
 *(.fini_array)
 .fini_array    0x20002874        0x4 /home/marco/ARMToolchain/gcc-arm-none-eabi-4_9-2015q2/bin/../lib/gcc/arm-none-eabi/4.9.3/armv6-m/crtbegin.o
                0x20002878                PROVIDE (__fini_array_end, .)
 *(.jcr*)
 .jcr           0x20002878        0x0 /home/marco/ARMToolchain/gcc-arm-none-eabi-4_9-2015q2/bin/../lib/gcc/arm-none-eabi/4.9.3/armv6-m/crtbegin.o
 .jcr           0x20002878        0x4 /home/marco/ARMToolchain/gcc-arm-none-eabi-4_9-2015q2/bin/../lib/gcc/arm-none-eabi/4.9.3/armv6-m/crtend.o
                0x2000287c                . = ALIGN (0x4)
                0x2000287c                __data_end__ = .

.igot.plt       0x2000287c        0x0 load address 0x00021e3c
 .igot.plt      0x00000000        0x0 /home/marco/ARMToolchain/gcc-arm-none-eabi-4_9-2015q2/bin/../lib/gcc/arm-none-eabi/4.9.3/armv6-m/crtbegin.o

.bss            0x2000287c      0x628 load address 0x00021e3c
                0x2000287c                . = ALIGN (0x4)
                0x2000287c                __bss_start__ = .
 *(.bss*)
 .bss           0x2000287c       0x1c /home/marco/ARMToolchain/gcc-arm-none-eabi-4_9-2015q2/bin/../lib/gcc/arm-none-eabi/4.9.3/armv6-m/crtbegin.o
 .bss.APP_TIMER_BUF.7896
                0x20002898      0x1c8 _build/main.o
 .bss.adv_timeout
                0x20002a60        0x1 _build/application.o
 *fill*         0x20002a61        0x3 
 .bss.ble_scan_resp.8720
                0x20002a64       0x38 _build/ble_manager.o
 .bss.BLE_EVT_BUFFER.8705
                0x20002a9c       0x48 _build/ble_manager.o
 .bss.ble_adv_data.8719
                0x20002ae4       0x38 _build/ble_manager.o
 .bss.adv_params
                0x20002b1c       0x18 _build/ble_manager.o
 .bss.m_dimmer  0x20002b34       0x1c _build/ble_manager.o
 .bss.temp_data
                0x20002b50       0x28 _build/memory.o
 .bss.block_handle
                0x20002b78        0x8 _build/memory.o
 .bss.base_handle
                0x20002b80        0x8 _build/memory.o
 .bss.p_def_values
                0x20002b88        0x4 _build/memory.o
 .bss.ps_signature
                0x20002b8c        0x4 _build/memory.o
 .bss.red_pwm_target
                0x20002b90        0x1 _build/led_strip.o
 .bss.fade_percent_value
                0x20002b91        0x1 _build/led_strip.o
 .bss.white_pwm_step
                0x20002b92        0x1 _build/led_strip.o
 .bss.green_pwm_value
                0x20002b93        0x1 _build/led_strip.o
 .bss.red_pwm_value
                0x20002b94        0x1 _build/led_strip.o
 .bss.green_pwm_step
                0x20002b95        0x1 _build/led_strip.o
 .bss.white_pwm_target
                0x20002b96        0x1 _build/led_strip.o
 .bss.green_pwm_target
                0x20002b97        0x1 _build/led_strip.o
 .bss.pwm2_ready_flag
                0x20002b98        0x1 _build/led_strip.o
 .bss.blue_pwm_step
                0x20002b99        0x1 _build/led_strip.o
 .bss.blue_pwm_value
                0x20002b9a        0x1 _build/led_strip.o
 .bss.red_pwm_step
                0x20002b9b        0x1 _build/led_strip.o
 .bss.white_pwm_value
                0x20002b9c        0x1 _build/led_strip.o
 .bss.blue_pwm_target
                0x20002b9d        0x1 _build/led_strip.o
 .bss.fade_count
                0x20002b9e        0x1 _build/led_strip.o
 .bss.pwm1_ready_flag
                0x20002b9f        0x1 _build/led_strip.o
 .bss.m_instances
                0x20002ba0        0xc _build/app_pwm.o
 .bss.m_pwm_busy
                0x20002bac        0x3 _build/app_pwm.o
 *fill*         0x20002baf        0x1 
 .bss.m_pwm_target_value
                0x20002bb0        0xc _build/app_pwm.o
 .bss.m_ticks_latest
                0x20002bbc        0x4 _build/app_timer.o
 .bss.mp_timer_id_head
                0x20002bc0        0x4 _build/app_timer.o
 .bss.m_evt_schedule_func
                0x20002bc4        0x4 _build/app_timer.o
 .bss.m_user_array_size
                0x20002bc8        0x1 _build/app_timer.o
 *fill*         0x20002bc9        0x3 
 .bss.mp_users  0x20002bcc        0x4 _build/app_timer.o
 .bss.m_ticks_elapsed_q_read_ind
                0x20002bd0        0x1 _build/app_timer.o
 .bss.m_ticks_elapsed_q_write_ind
                0x20002bd1        0x1 _build/app_timer.o
 .bss.m_rtc1_reset
                0x20002bd2        0x1 _build/app_timer.o
 *fill*         0x20002bd3        0x1 
 .bss.m_ticks_elapsed
                0x20002bd4        0x8 _build/app_timer.o
 .bss.m_rtc1_running
                0x20002bdc        0x1 _build/app_timer.o
 *fill*         0x20002bdd        0x3 
 .bss.m_cb      0x20002be0       0x1c _build/nrf_drv_uart.o
 .bss.m_cb      0x20002bfc       0x50 _build/nrf_drv_gpiote.o
 .bss.m_cb      0x20002c4c       0x24 _build/nrf_drv_timer.o
 .bss.m_drv_state
                0x20002c70        0x1 _build/nrf_drv_ppi.o
 .bss.m_groups_allocated
                0x20002c71        0x1 _build/nrf_drv_ppi.o
 *fill*         0x20002c72        0x2 
 .bss.m_channels_allocated
                0x20002c74        0x4 _build/nrf_drv_ppi.o
 .bss.m_cmd_queue
                0x20002c78       0xcc _build/pstorage.o
 .bss.m_num_of_bytes_written
                0x20002d44        0x4 _build/pstorage.o
 .bss.m_tail_word_size
                0x20002d48        0x4 _build/pstorage.o
 .bss.m_app_table
                0x20002d4c        0xc _build/pstorage.o
 .bss.m_next_app_instance
                0x20002d58        0x2 _build/pstorage.o
 *fill*         0x20002d5a        0x2 
 .bss.m_next_page_addr
                0x20002d5c        0x4 _build/pstorage.o
 .bss.m_flags   0x20002d60        0x4 _build/pstorage.o
 .bss.m_swap_sub_state
                0x20002d64        0x1 _build/pstorage.o
 .bss.m_state   0x20002d65        0x1 _build/pstorage.o
 *fill*         0x20002d66        0x2 
 .bss.m_app_data_size
                0x20002d68        0x4 _build/pstorage.o
 .bss.m_num_of_command_retries
                0x20002d6c        0x4 _build/pstorage.o
 .bss.m_head_word_size
                0x20002d70        0x4 _build/pstorage.o
 .bss.m_current_page_id
                0x20002d74        0x4 _build/pstorage.o
 .bss.m_change_param
                0x20002d78        0x1 _build/ble_conn_params.o
 *fill*         0x20002d79        0x3 
 .bss.m_current_conn_params
                0x20002d7c        0x8 _build/ble_conn_params.o
 .bss.m_update_count
                0x20002d84        0x1 _build/ble_conn_params.o
 *fill*         0x20002d85        0x3 
 .bss.m_conn_params_config
                0x20002d88       0x1c _build/ble_conn_params.o
 .bss.m_conn_params_timer_id_data
                0x20002da4       0x20 _build/ble_conn_params.o
 .bss.m_conn_handle
                0x20002dc4        0x2 _build/ble_conn_params.o
 *fill*         0x20002dc6        0x2 
 .bss.m_preferred_conn_params
                0x20002dc8        0x8 _build/ble_conn_params.o
 .bss.sw_rev_handles
                0x20002dd0        0x8 _build/ble_dis.o
 .bss.model_num_handles
                0x20002dd8        0x8 _build/ble_dis.o
 .bss.sys_id_handles
                0x20002de0        0x8 _build/ble_dis.o
 .bss.manufact_name_handles
                0x20002de8        0x8 _build/ble_dis.o
 .bss.reg_cert_data_list_handles
                0x20002df0        0x8 _build/ble_dis.o
 .bss.pnp_id_handles
                0x20002df8        0x8 _build/ble_dis.o
 .bss.hw_rev_handles
                0x20002e00        0x8 _build/ble_dis.o
 .bss.serial_num_handles
                0x20002e08        0x8 _build/ble_dis.o
 .bss.fw_rev_handles
                0x20002e10        0x8 _build/ble_dis.o
 .bss.service_handle
                0x20002e18        0x2 _build/ble_dis.o
 .bss.m_softdevice_enabled
                0x20002e1a        0x1 _build/softdevice_handler.o
 *fill*         0x20002e1b        0x1 
 .bss.m_ble_evt_buffer_size
                0x20002e1c        0x2 _build/softdevice_handler.o
 *fill*         0x20002e1e        0x2 
 .bss.mp_ble_evt_buffer
                0x20002e20        0x4 _build/softdevice_handler.o
 .bss.m_sys_evt_handler
                0x20002e24        0x4 _build/softdevice_handler.o
 .bss.m_ble_evt_handler
                0x20002e28        0x4 _build/softdevice_handler.o
 .bss.m_evt_schedule_func
                0x20002e2c        0x4 _build/softdevice_handler.o
 .bss.__malloc_sbrk_start
                0x20002e30        0x4 /home/marco/ARMToolchain/gcc-arm-none-eabi-4_9-2015q2/bin/../lib/gcc/arm-none-eabi/4.9.3/../../../../arm-none-eabi/lib/armv6-m/libc_nano.a(lib_a-nano-mallocr.o)
                0x20002e30                __malloc_sbrk_start
 .bss.__malloc_free_list
                0x20002e34        0x4 /home/marco/ARMToolchain/gcc-arm-none-eabi-4_9-2015q2/bin/../lib/gcc/arm-none-eabi/4.9.3/../../../../arm-none-eabi/lib/armv6-m/libc_nano.a(lib_a-nano-mallocr.o)
                0x20002e34                __malloc_free_list
 .bss.heap_end.4079
                0x20002e38        0x4 /home/marco/ARMToolchain/gcc-arm-none-eabi-4_9-2015q2/bin/../lib/gcc/arm-none-eabi/4.9.3/../../../../arm-none-eabi/lib/armv6-m/libnosys.a(sbrk.o)
 *(COMMON)
 COMMON         0x20002e3c        0x9 _build/dimmer_service.o
                0x20002e3c                char_values
 *fill*         0x20002e45        0x3 
 COMMON         0x20002e48       0x48 _build/led_strip.o
                0x20002e48                m_pwm_PWM1_cb
                0x20002e6c                m_pwm_PWM2_cb
 COMMON         0x20002e90        0x6 _build/app_pwm.o
                0x20002e90                m_pwm_ready_counter
 *fill*         0x20002e96        0x2 
 COMMON         0x20002e98        0x8 _build/softdevice_handler.o
                0x20002e98                nrf_nvic_state
 COMMON         0x20002ea0        0x4 /home/marco/ARMToolchain/gcc-arm-none-eabi-4_9-2015q2/bin/../lib/gcc/arm-none-eabi/4.9.3/../../../../arm-none-eabi/lib/armv6-m/libc_nano.a(lib_a-reent.o)
                0x20002ea0                errno
                0x20002ea4                . = ALIGN (0x4)
                0x20002ea4                __bss_end__ = .

.heap           0x20002ea8      0x800
                0x20002ea8                __end__ = .
                0x20002ea8                PROVIDE (end, .)
 *(.heap*)
 .heap          0x20002ea8      0x800 _build/gcc_startup_nrf51.o
                0x20002ea8                __HeapBase
                0x200036a8                __HeapLimit = .

.stack_dummy    0x20002ea8      0x800
 *(.stack*)
 .stack         0x20002ea8      0x800 _build/gcc_startup_nrf51.o
                0x20004000                __StackTop = (ORIGIN (RAM) + 0x1800)
                0x20003800                __StackLimit = (__StackTop - SIZEOF (.stack_dummy))
                0x20004000                PROVIDE (__stack, __StackTop)
                0x00000001                ASSERT ((__StackLimit >= __HeapLimit), region RAM overflowed with stack)
OUTPUT(_build/ble_led_dimmer_s130.out elf32-littlearm)

.ARM.attributes
                0x00000000       0x28
 .ARM.attributes
                0x00000000       0x1e /home/marco/ARMToolchain/gcc-arm-none-eabi-4_9-2015q2/bin/../lib/gcc/arm-none-eabi/4.9.3/armv6-m/crti.o
 .ARM.attributes
                0x0000001e       0x2c /home/marco/ARMToolchain/gcc-arm-none-eabi-4_9-2015q2/bin/../lib/gcc/arm-none-eabi/4.9.3/armv6-m/crtbegin.o
 .ARM.attributes
                0x0000004a       0x1b /home/marco/ARMToolchain/gcc-arm-none-eabi-4_9-2015q2/bin/../lib/gcc/arm-none-eabi/4.9.3/../../../../arm-none-eabi/lib/armv6-m/crt0.o
 .ARM.attributes
                0x00000065       0x2c /home/marco/ARMToolchain/gcc-arm-none-eabi-4_9-2015q2/bin/../lib/gcc/arm-none-eabi/4.9.3/../../../../arm-none-eabi/lib/armv6-m/libc_nano.a(lib_a-exit.o)
 .ARM.attributes
                0x00000091       0x2c /home/marco/ARMToolchain/gcc-arm-none-eabi-4_9-2015q2/bin/../lib/gcc/arm-none-eabi/4.9.3/../../../../arm-none-eabi/lib/armv6-m/libc_nano.a(lib_a-impure.o)
 .ARM.attributes
                0x000000bd       0x2c /home/marco/ARMToolchain/gcc-arm-none-eabi-4_9-2015q2/bin/../lib/gcc/arm-none-eabi/4.9.3/../../../../arm-none-eabi/lib/armv6-m/libc_nano.a(lib_a-init.o)
 .ARM.attributes
                0x000000e9       0x2c /home/marco/ARMToolchain/gcc-arm-none-eabi-4_9-2015q2/bin/../lib/gcc/arm-none-eabi/4.9.3/../../../../arm-none-eabi/lib/armv6-m/libc_nano.a(lib_a-memset.o)
 .ARM.attributes
                0x00000115       0x2c /home/marco/ARMToolchain/gcc-arm-none-eabi-4_9-2015q2/bin/../lib/gcc/arm-none-eabi/4.9.3/../../../../arm-none-eabi/lib/armv6-m/libnosys.a(_exit.o)
 .ARM.attributes
                0x00000141       0x31 _build/main.o
 .ARM.attributes
                0x00000172       0x31 _build/application.o
 .ARM.attributes
                0x000001a3       0x31 _build/ble_manager.o
 .ARM.attributes
                0x000001d4       0x31 _build/dimmer_service.o
 .ARM.attributes
                0x00000205       0x31 _build/memory.o
 .ARM.attributes
                0x00000236       0x31 _build/led_strip.o
 .ARM.attributes
                0x00000267       0x31 _build/app_pwm.o
 .ARM.attributes
                0x00000298       0x31 _build/app_error.o
 .ARM.attributes
                0x000002c9       0x31 _build/app_error_weak.o
 .ARM.attributes
                0x000002fa       0x31 _build/app_timer.o
 .ARM.attributes
                0x0000032b       0x31 _build/app_util_platform.o
 .ARM.attributes
                0x0000035c       0x31 _build/nrf_drv_uart.o
 .ARM.attributes
                0x0000038d       0x31 _build/nrf_delay.o
 .ARM.attributes
                0x000003be       0x31 _build/nrf_drv_common.o
 .ARM.attributes
                0x000003ef       0x31 _build/nrf_drv_gpiote.o
 .ARM.attributes
                0x00000420       0x31 _build/nrf_drv_timer.o
 .ARM.attributes
                0x00000451       0x31 _build/nrf_drv_ppi.o
 .ARM.attributes
                0x00000482       0x31 _build/pstorage.o
 .ARM.attributes
                0x000004b3       0x31 _build/ble_advdata.o
 .ARM.attributes
                0x000004e4       0x31 _build/ble_conn_params.o
 .ARM.attributes
                0x00000515       0x31 _build/ble_srv_common.o
 .ARM.attributes
                0x00000546       0x31 _build/ble_dis.o
 .ARM.attributes
                0x00000577       0x31 _build/system_nrf51.o
 .ARM.attributes
                0x000005a8       0x31 _build/softdevice_handler.o
 .ARM.attributes
                0x000005d9       0x1b _build/gcc_startup_nrf51.o
 .ARM.attributes
                0x000005f4       0x1e /home/marco/ARMToolchain/gcc-arm-none-eabi-4_9-2015q2/bin/../lib/gcc/arm-none-eabi/4.9.3/armv6-m/libgcc.a(_udivsi3.o)
 .ARM.attributes
                0x00000612       0x1e /home/marco/ARMToolchain/gcc-arm-none-eabi-4_9-2015q2/bin/../lib/gcc/arm-none-eabi/4.9.3/armv6-m/libgcc.a(_divsi3.o)
 .ARM.attributes
                0x00000630       0x1e /home/marco/ARMToolchain/gcc-arm-none-eabi-4_9-2015q2/bin/../lib/gcc/arm-none-eabi/4.9.3/armv6-m/libgcc.a(_dvmd_tls.o)
 .ARM.attributes
                0x0000064e       0x2c /home/marco/ARMToolchain/gcc-arm-none-eabi-4_9-2015q2/bin/../lib/gcc/arm-none-eabi/4.9.3/../../../../arm-none-eabi/lib/armv6-m/libc_nano.a(lib_a-memcmp.o)
 .ARM.attributes
                0x0000067a       0x2c /home/marco/ARMToolchain/gcc-arm-none-eabi-4_9-2015q2/bin/../lib/gcc/arm-none-eabi/4.9.3/../../../../arm-none-eabi/lib/armv6-m/libc_nano.a(lib_a-memcpy.o)
 .ARM.attributes
                0x000006a6       0x2c /home/marco/ARMToolchain/gcc-arm-none-eabi-4_9-2015q2/bin/../lib/gcc/arm-none-eabi/4.9.3/../../../../arm-none-eabi/lib/armv6-m/libc_nano.a(lib_a-sprintf.o)
 .ARM.attributes
                0x000006d2       0x2c /home/marco/ARMToolchain/gcc-arm-none-eabi-4_9-2015q2/bin/../lib/gcc/arm-none-eabi/4.9.3/../../../../arm-none-eabi/lib/armv6-m/libc_nano.a(lib_a-strlen.o)
 .ARM.attributes
                0x000006fe       0x2c /home/marco/ARMToolchain/gcc-arm-none-eabi-4_9-2015q2/bin/../lib/gcc/arm-none-eabi/4.9.3/../../../../arm-none-eabi/lib/armv6-m/libc_nano.a(lib_a-nano-svfprintf.o)
 .ARM.attributes
                0x0000072a       0x2c /home/marco/ARMToolchain/gcc-arm-none-eabi-4_9-2015q2/bin/../lib/gcc/arm-none-eabi/4.9.3/../../../../arm-none-eabi/lib/armv6-m/libc_nano.a(lib_a-nano-vfprintf_i.o)
 .ARM.attributes
                0x00000756       0x2c /home/marco/ARMToolchain/gcc-arm-none-eabi-4_9-2015q2/bin/../lib/gcc/arm-none-eabi/4.9.3/../../../../arm-none-eabi/lib/armv6-m/libc_nano.a(lib_a-memchr.o)
 .ARM.attributes
                0x00000782       0x2c /home/marco/ARMToolchain/gcc-arm-none-eabi-4_9-2015q2/bin/../lib/gcc/arm-none-eabi/4.9.3/../../../../arm-none-eabi/lib/armv6-m/libc_nano.a(lib_a-memmove.o)
 .ARM.attributes
                0x000007ae       0x2c /home/marco/ARMToolchain/gcc-arm-none-eabi-4_9-2015q2/bin/../lib/gcc/arm-none-eabi/4.9.3/../../../../arm-none-eabi/lib/armv6-m/libc_nano.a(lib_a-nano-freer.o)
 .ARM.attributes
                0x000007da       0x2c /home/marco/ARMToolchain/gcc-arm-none-eabi-4_9-2015q2/bin/../lib/gcc/arm-none-eabi/4.9.3/../../../../arm-none-eabi/lib/armv6-m/libc_nano.a(lib_a-nano-mallocr.o)
 .ARM.attributes
                0x00000806       0x2c /home/marco/ARMToolchain/gcc-arm-none-eabi-4_9-2015q2/bin/../lib/gcc/arm-none-eabi/4.9.3/../../../../arm-none-eabi/lib/armv6-m/libc_nano.a(lib_a-nano-reallocr.o)
 .ARM.attributes
                0x00000832       0x2c /home/marco/ARMToolchain/gcc-arm-none-eabi-4_9-2015q2/bin/../lib/gcc/arm-none-eabi/4.9.3/../../../../arm-none-eabi/lib/armv6-m/libc_nano.a(lib_a-sbrkr.o)
 .ARM.attributes
                0x0000085e       0x2c /home/marco/ARMToolchain/gcc-arm-none-eabi-4_9-2015q2/bin/../lib/gcc/arm-none-eabi/4.9.3/../../../../arm-none-eabi/lib/armv6-m/libc_nano.a(lib_a-nano-msizer.o)
 .ARM.attributes
                0x0000088a       0x2c /home/marco/ARMToolchain/gcc-arm-none-eabi-4_9-2015q2/bin/../lib/gcc/arm-none-eabi/4.9.3/../../../../arm-none-eabi/lib/armv6-m/libc_nano.a(lib_a-reent.o)
 .ARM.attributes
                0x000008b6       0x2c /home/marco/ARMToolchain/gcc-arm-none-eabi-4_9-2015q2/bin/../lib/gcc/arm-none-eabi/4.9.3/armv6-m/crtend.o
 .ARM.attributes
                0x000008e2       0x1e /home/marco/ARMToolchain/gcc-arm-none-eabi-4_9-2015q2/bin/../lib/gcc/arm-none-eabi/4.9.3/armv6-m/crtn.o
 .ARM.attributes
                0x00000900       0x2c /home/marco/ARMToolchain/gcc-arm-none-eabi-4_9-2015q2/bin/../lib/gcc/arm-none-eabi/4.9.3/../../../../arm-none-eabi/lib/armv6-m/libnosys.a(sbrk.o)

.comment        0x00000000       0x70
 .comment       0x00000000       0x70 _build/main.o
                                 0x71 (size before relaxing)
 .comment       0x00000000       0x71 _build/application.o
 .comment       0x00000000       0x71 _build/ble_manager.o
 .comment       0x00000000       0x71 _build/dimmer_service.o
 .comment       0x00000000       0x71 _build/memory.o
 .comment       0x00000000       0x71 _build/led_strip.o
 .comment       0x00000000       0x71 _build/app_pwm.o
 .comment       0x00000000       0x71 _build/app_error.o
 .comment       0x00000000       0x71 _build/app_error_weak.o
 .comment       0x00000000       0x71 _build/app_timer.o
 .comment       0x00000000       0x71 _build/app_util_platform.o
 .comment       0x00000000       0x71 _build/nrf_drv_uart.o
 .comment       0x00000000       0x71 _build/nrf_delay.o
 .comment       0x00000000       0x71 _build/nrf_drv_common.o
 .comment       0x00000000       0x71 _build/nrf_drv_gpiote.o
 .comment       0x00000000       0x71 _build/nrf_drv_timer.o
 .comment       0x00000000       0x71 _build/nrf_drv_ppi.o
 .comment       0x00000000       0x71 _build/pstorage.o
 .comment       0x00000000       0x71 _build/ble_advdata.o
 .comment       0x00000000       0x71 _build/ble_conn_params.o
 .comment       0x00000000       0x71 _build/ble_srv_common.o
 .comment       0x00000000       0x71 _build/ble_dis.o
 .comment       0x00000000       0x71 _build/system_nrf51.o
 .comment       0x00000000       0x71 _build/softdevice_handler.o

.debug_frame    0x00000000      0x3e4
 .debug_frame   0x00000000       0x28 /home/marco/ARMToolchain/gcc-arm-none-eabi-4_9-2015q2/bin/../lib/gcc/arm-none-eabi/4.9.3/../../../../arm-none-eabi/lib/armv6-m/libc_nano.a(lib_a-exit.o)
 .debug_frame   0x00000028       0x2c /home/marco/ARMToolchain/gcc-arm-none-eabi-4_9-2015q2/bin/../lib/gcc/arm-none-eabi/4.9.3/../../../../arm-none-eabi/lib/armv6-m/libc_nano.a(lib_a-init.o)
 .debug_frame   0x00000054       0x20 /home/marco/ARMToolchain/gcc-arm-none-eabi-4_9-2015q2/bin/../lib/gcc/arm-none-eabi/4.9.3/../../../../arm-none-eabi/lib/armv6-m/libc_nano.a(lib_a-memset.o)
 .debug_frame   0x00000074       0x20 /home/marco/ARMToolchain/gcc-arm-none-eabi-4_9-2015q2/bin/../lib/gcc/arm-none-eabi/4.9.3/../../../../arm-none-eabi/lib/armv6-m/libnosys.a(_exit.o)
 .debug_frame   0x00000094       0x20 /home/marco/ARMToolchain/gcc-arm-none-eabi-4_9-2015q2/bin/../lib/gcc/arm-none-eabi/4.9.3/armv6-m/libgcc.a(_udivsi3.o)
 .debug_frame   0x000000b4       0x20 /home/marco/ARMToolchain/gcc-arm-none-eabi-4_9-2015q2/bin/../lib/gcc/arm-none-eabi/4.9.3/armv6-m/libgcc.a(_divsi3.o)
 .debug_frame   0x000000d4       0x2c /home/marco/ARMToolchain/gcc-arm-none-eabi-4_9-2015q2/bin/../lib/gcc/arm-none-eabi/4.9.3/../../../../arm-none-eabi/lib/armv6-m/libc_nano.a(lib_a-memcmp.o)
 .debug_frame   0x00000100       0x28 /home/marco/ARMToolchain/gcc-arm-none-eabi-4_9-2015q2/bin/../lib/gcc/arm-none-eabi/4.9.3/../../../../arm-none-eabi/lib/armv6-m/libc_nano.a(lib_a-memcpy.o)
 .debug_frame   0x00000128       0x50 /home/marco/ARMToolchain/gcc-arm-none-eabi-4_9-2015q2/bin/../lib/gcc/arm-none-eabi/4.9.3/../../../../arm-none-eabi/lib/armv6-m/libc_nano.a(lib_a-sprintf.o)
 .debug_frame   0x00000178       0x20 /home/marco/ARMToolchain/gcc-arm-none-eabi-4_9-2015q2/bin/../lib/gcc/arm-none-eabi/4.9.3/../../../../arm-none-eabi/lib/armv6-m/libc_nano.a(lib_a-strlen.o)
 .debug_frame   0x00000198       0x74 /home/marco/ARMToolchain/gcc-arm-none-eabi-4_9-2015q2/bin/../lib/gcc/arm-none-eabi/4.9.3/../../../../arm-none-eabi/lib/armv6-m/libc_nano.a(lib_a-nano-svfprintf.o)
 .debug_frame   0x0000020c       0x54 /home/marco/ARMToolchain/gcc-arm-none-eabi-4_9-2015q2/bin/../lib/gcc/arm-none-eabi/4.9.3/../../../../arm-none-eabi/lib/armv6-m/libc_nano.a(lib_a-nano-vfprintf_i.o)
 .debug_frame   0x00000260       0x20 /home/marco/ARMToolchain/gcc-arm-none-eabi-4_9-2015q2/bin/../lib/gcc/arm-none-eabi/4.9.3/../../../../arm-none-eabi/lib/armv6-m/libc_nano.a(lib_a-memchr.o)
 .debug_frame   0x00000280       0x28 /home/marco/ARMToolchain/gcc-arm-none-eabi-4_9-2015q2/bin/../lib/gcc/arm-none-eabi/4.9.3/../../../../arm-none-eabi/lib/armv6-m/libc_nano.a(lib_a-memmove.o)
 .debug_frame   0x000002a8       0x2c /home/marco/ARMToolchain/gcc-arm-none-eabi-4_9-2015q2/bin/../lib/gcc/arm-none-eabi/4.9.3/../../../../arm-none-eabi/lib/armv6-m/libc_nano.a(lib_a-nano-freer.o)
 .debug_frame   0x000002d4       0x2c /home/marco/ARMToolchain/gcc-arm-none-eabi-4_9-2015q2/bin/../lib/gcc/arm-none-eabi/4.9.3/../../../../arm-none-eabi/lib/armv6-m/libc_nano.a(lib_a-nano-mallocr.o)
 .debug_frame   0x00000300       0x30 /home/marco/ARMToolchain/gcc-arm-none-eabi-4_9-2015q2/bin/../lib/gcc/arm-none-eabi/4.9.3/../../../../arm-none-eabi/lib/armv6-m/libc_nano.a(lib_a-nano-reallocr.o)
 .debug_frame   0x00000330       0x2c /home/marco/ARMToolchain/gcc-arm-none-eabi-4_9-2015q2/bin/../lib/gcc/arm-none-eabi/4.9.3/../../../../arm-none-eabi/lib/armv6-m/libc_nano.a(lib_a-sbrkr.o)
 .debug_frame   0x0000035c       0x20 /home/marco/ARMToolchain/gcc-arm-none-eabi-4_9-2015q2/bin/../lib/gcc/arm-none-eabi/4.9.3/../../../../arm-none-eabi/lib/armv6-m/libc_nano.a(lib_a-nano-msizer.o)
 .debug_frame   0x0000037c       0x48 /home/marco/ARMToolchain/gcc-arm-none-eabi-4_9-2015q2/bin/../lib/gcc/arm-none-eabi/4.9.3/../../../../arm-none-eabi/lib/armv6-m/libc_nano.a(lib_a-reent.o)
 .debug_frame   0x000003c4       0x20 /home/marco/ARMToolchain/gcc-arm-none-eabi-4_9-2015q2/bin/../lib/gcc/arm-none-eabi/4.9.3/../../../../arm-none-eabi/lib/armv6-m/libnosys.a(sbrk.o)
